Archive member included to satisfy reference by file (symbol)

c:/program files/microchip/xc32/v4.21/bin/bin/../../lib/gcc/pic32c/8.3.1/../../../../pic32c/lib/thumb/v8-m.base/nofp\libpic32c.a(data_init_wrapper.o)
                              build/sam_l10_xpro/production/_ext/13305212/startup_xc32.o (__pic32c_data_initialization)
c:/program files/microchip/xc32/v4.21/bin/bin/../../lib/gcc/pic32c/8.3.1/../../../../pic32c/lib/thumb/v8-m.base/nofp\libpic32c.a(data_init_0_1.o)
                              c:/program files/microchip/xc32/v4.21/bin/bin/../../lib/gcc/pic32c/8.3.1/../../../../pic32c/lib/thumb/v8-m.base/nofp\libpic32c.a(data_init_wrapper.o) (__pic32c_data_initialization_impl)
c:/program files/microchip/xc32/v4.21/bin/bin/../../lib/gcc/pic32c/8.3.1/../../../../pic32c/lib/thumb/v8-m.base/nofp\libc-musl.a(__libc_start_main.o)
                              build/sam_l10_xpro/production/_ext/13305212/startup_xc32.o (__libc_init_array)
c:/program files/microchip/xc32/v4.21/bin/bin/../../lib/gcc/pic32c/8.3.1/../../../../pic32c/lib/thumb/v8-m.base/nofp\libc-musl.a(libc.o)
                              c:/program files/microchip/xc32/v4.21/bin/bin/../../lib/gcc/pic32c/8.3.1/../../../../pic32c/lib/thumb/v8-m.base/nofp\libc-musl.a(__libc_start_main.o) (__progname_full)
c:/program files/microchip/xc32/v4.21/bin/bin/../../lib/gcc/pic32c/8.3.1/../../../../pic32c/lib/thumb/v8-m.base/nofp\libc-musl.a(stdin.o)
                              build/sam_l10_xpro/production/_ext/13305212/initialization.o (_stdin)
c:/program files/microchip/xc32/v4.21/bin/bin/../../lib/gcc/pic32c/8.3.1/../../../../pic32c/lib/thumb/v8-m.base/nofp\libc-musl.a(stdout.o)
                              build/sam_l10_xpro/production/_ext/13305212/initialization.o (_stdout)
c:/program files/microchip/xc32/v4.21/bin/bin/../../lib/gcc/pic32c/8.3.1/../../../../pic32c/lib/thumb/v8-m.base/nofp\libc-musl.a(printf.o)
                              build/sam_l10_xpro/production/_ext/1360937237/main.o (printf)
c:/program files/microchip/xc32/v4.21/bin/bin/../../lib/gcc/pic32c/8.3.1/../../../../pic32c/lib/thumb/v8-m.base/nofp\libc-musl.a(putchar.o)
                              build/sam_l10_xpro/production/_ext/1360937237/main.o (putchar)
c:/program files/microchip/xc32/v4.21/bin/bin/../../lib/gcc/pic32c/8.3.1/../../../../pic32c/lib/thumb/v8-m.base/nofp\libc-musl.a(setbuf.o)
                              build/sam_l10_xpro/production/_ext/13305212/initialization.o (setbuf)
c:/program files/microchip/xc32/v4.21/bin/bin/../../lib/gcc/pic32c/8.3.1/../../../../pic32c/lib/thumb/v8-m.base/nofp\libc-musl.a(memcpy.o)
                              build/sam_l10_xpro/production/_ext/44973424/plib_nvmctrl.o (memcpy)
c:/program files/microchip/xc32/v4.21/bin/bin/../../lib/gcc/pic32c/8.3.1/../../../../pic32c/lib/thumb/v8-m.base/nofp\libc-musl.a(__environ.o)
                              c:/program files/microchip/xc32/v4.21/bin/bin/../../lib/gcc/pic32c/8.3.1/../../../../pic32c/lib/thumb/v8-m.base/nofp\libc-musl.a(__libc_start_main.o) (__environ)
c:/program files/microchip/xc32/v4.21/bin/bin/../../lib/gcc/pic32c/8.3.1/../../../../pic32c/lib/thumb/v8-m.base/nofp\libc-musl.a(__io_init_needed.o)
                              c:/program files/microchip/xc32/v4.21/bin/bin/../../lib/gcc/pic32c/8.3.1/../../../../pic32c/lib/thumb/v8-m.base/nofp\libc-musl.a(stdout.o) (__io_init_needed)
c:/program files/microchip/xc32/v4.21/bin/bin/../../lib/gcc/pic32c/8.3.1/../../../../pic32c/lib/thumb/v8-m.base/nofp\libc-musl.a(__io_rw_needed.o)
                              c:/program files/microchip/xc32/v4.21/bin/bin/../../lib/gcc/pic32c/8.3.1/../../../../pic32c/lib/thumb/v8-m.base/nofp\libc-musl.a(stdin.o) (__io_rw_needed)
c:/program files/microchip/xc32/v4.21/bin/bin/../../lib/gcc/pic32c/8.3.1/../../../../pic32c/lib/thumb/v8-m.base/nofp\libc-musl.a(__stdio_read.o)
                              c:/program files/microchip/xc32/v4.21/bin/bin/../../lib/gcc/pic32c/8.3.1/../../../../pic32c/lib/thumb/v8-m.base/nofp\libc-musl.a(stdin.o) (__stdio_read)
c:/program files/microchip/xc32/v4.21/bin/bin/../../lib/gcc/pic32c/8.3.1/../../../../pic32c/lib/thumb/v8-m.base/nofp\libc-musl.a(__towrite_rw.o)
                              c:/program files/microchip/xc32/v4.21/bin/bin/../../lib/gcc/pic32c/8.3.1/../../../../pic32c/lib/thumb/v8-m.base/nofp\libc-musl.a(__io_rw_needed.o) (__towrite_rw_needed)
c:/program files/microchip/xc32/v4.21/bin/bin/../../lib/gcc/pic32c/8.3.1/../../../../pic32c/lib/thumb/v8-m.base/nofp\libc-musl.a(putc.o)
                              c:/program files/microchip/xc32/v4.21/bin/bin/../../lib/gcc/pic32c/8.3.1/../../../../pic32c/lib/thumb/v8-m.base/nofp\libc-musl.a(putchar.o) (fputc)
c:/program files/microchip/xc32/v4.21/bin/bin/../../lib/gcc/pic32c/8.3.1/../../../../pic32c/lib/thumb/v8-m.base/nofp\libc-musl.a(setvbuf.o)
[...]
Memory Configuration

Name             Origin             Length             Attributes
rom              0x00000000         0x00010000         xrl
ram              0x20000000         0x00004000         xw !r
config_00804000  0x00804000         0x00000004
config_0080C040  0x0080c040         0x00000004
config_0080C004  0x0080c004         0x00000004
config_0080C048  0x0080c048         0x00000004
config_0080C04C  0x0080c04c         0x00000004
config_0080C044  0x0080c044         0x00000004
config_00804004  0x00804004         0x00000004
*default*        0x00000000         0xffffffff

Linker script and memory map

LOAD c:/program files/microchip/xc32/v4.21/bin/bin/../../lib/gcc/pic32c/8.3.1/thumb/v8-m.base/nofp/crti.o
LOAD c:/program files/microchip/xc32/v4.21/bin/bin/../../lib/gcc/pic32c/8.3.1/thumb/v8-m.base/nofp/crtbegin.o
LOAD build/sam_l10_xpro/production/_ext/1184338560/plib_adc.o
LOAD build/sam_l10_xpro/production/_ext/14877202/plib_clock.o
LOAD build/sam_l10_xpro/production/_ext/1184341350/plib_dac.o
LOAD build/sam_l10_xpro/production/_ext/12727716/plib_evsys.o
LOAD build/sam_l10_xpro/production/_ext/1939805438/plib_nvic.o
LOAD build/sam_l10_xpro/production/_ext/44973424/plib_nvmctrl.o
LOAD build/sam_l10_xpro/production/_ext/592394269/plib_pm.o
LOAD build/sam_l10_xpro/production/_ext/1939752287/plib_port.o
LOAD build/sam_l10_xpro/production/_ext/1184355393/plib_rtc_timer.o
LOAD build/sam_l10_xpro/production/_ext/399502665/plib_sercom0_usart.o
LOAD build/sam_l10_xpro/production/_ext/592394383/plib_tc0.o
LOAD build/sam_l10_xpro/production/_ext/1911983158/xc32_monitor.o
LOAD build/sam_l10_xpro/production/_ext/13305212/initialization.o
LOAD build/sam_l10_xpro/production/_ext/13305212/interrupts.o
LOAD build/sam_l10_xpro/production/_ext/13305212/exceptions.o
LOAD build/sam_l10_xpro/production/_ext/13305212/startup_xc32.o
LOAD build/sam_l10_xpro/production/_ext/13305212/libc_syscalls.o
LOAD build/sam_l10_xpro/production/_ext/1360937237/main.o
                0x00000001                __MPLAB_BUILD = 0x1
                0x00010000                __rom_end = (ORIGIN (rom) + LENGTH (rom))
                0x20004000                __ram_end = (ORIGIN (ram) + LENGTH (ram))

.config_00804000
 *(.config_00804000)

.config_0080C040
 *(.config_0080C040)

.config_0080C004
 *(.config_0080C004)

.config_0080C048
 *(.config_0080C048)

.config_0080C04C
 *(.config_0080C04C)

.config_0080C044
 *(.config_0080C044)

.config_00804004
 *(.config_00804004)

.vectors        0x00000000       0xf4
                0x00000000                . = ALIGN (0x4)
                0x00000000                _sfixed = .
 *(.vectors .vectors.* .vectors_default .vectors_default.*)
 .vectors.exception_table
                0x00000000       0xf4 build/sam_l10_xpro/production/_ext/13305212/interrupts.o
                0x00000000                exception_table
 *(.isr_vector)
 *(.reset*)
 *(.after_vectors)

.text           0x000000f4       0x20
                0x000000f4                . = ALIGN (0x4)
 *(.glue_7t)
 .glue_7t       0x000000f4        0x0 linker stubs
 *(.glue_7)
 .glue_7        0x000000f4        0x0 linker stubs
 *(.gnu.linkonce.r.*)
 *(.ARM.extab* .gnu.linkonce.armextab.*)
                0x000000f4                . = ALIGN (0x4)
 *(.init)
 .init          0x000000f4        0x4 c:/program files/microchip/xc32/v4.21/bin/bin/../../lib/gcc/pic32c/8.3.1/thumb/v8-m.base/nofp/crti.o
                0x000000f4                _init
 .init          0x000000f8        0x8 c:/program files/microchip/xc32/v4.21/bin/bin/../../lib/gcc/pic32c/8.3.1/thumb/v8-m.base/nofp/crtn.o
                0x00000100                . = ALIGN (0x4)
                0x00000100                __preinit_array_start = .
 *(.preinit_array)
                0x00000100                __preinit_array_end = .
                0x00000100                . = ALIGN (0x4)
                0x00000100                __init_array_start = .
 *(SORT_BY_NAME(.init_array.*))
 *(.init_array)
 .init_array    0x00000100        0x4 c:/program files/microchip/xc32/v4.21/bin/bin/../../lib/gcc/pic32c/8.3.1/thumb/v8-m.base/nofp/crtbegin.o
                0x00000104                __init_array_end = .
                0x00000104                . = ALIGN (0x4)
 *crtbegin.o(.ctors)
 *(EXCLUDE_FILE(*crtend.o) .ctors)
 *(SORT_BY_NAME(.ctors.*))
 *crtend.o(.ctors)
                0x00000104                . = ALIGN (0x4)
 *(.fini)
 .fini          0x00000104        0x4 c:/program files/microchip/xc32/v4.21/bin/bin/../../lib/gcc/pic32c/8.3.1/thumb/v8-m.base/nofp/crti.o
                0x00000104                _fini
 .fini          0x00000108        0x8 c:/program files/microchip/xc32/v4.21/bin/bin/../../lib/gcc/pic32c/8.3.1/thumb/v8-m.base/nofp/crtn.o
                0x00000110                . = ALIGN (0x4)
                0x00000110                __fini_array_start = .
 *(.fini_array)
 .fini_array    0x00000110        0x4 c:/program files/microchip/xc32/v4.21/bin/bin/../../lib/gcc/pic32c/8.3.1/thumb/v8-m.base/nofp/crtbegin.o
 *(SORT_BY_NAME(.fini_array.*))
                0x00000114                __fini_array_end = .
 *crtbegin.o(.dtors)
 *(EXCLUDE_FILE(*crtend.o) .dtors)
 *(SORT_BY_NAME(.dtors.*))
 *crtend.o(.dtors)
                0x00000114                . = ALIGN (0x4)
                0x00000114                _efixed = .
                [!provide]                PROVIDE (__exidx_start = .)

.ARM.exidx      0x00000114        0x8
 *(.ARM.exidx* .gnu.linkonce.armexidx.*)
 .ARM.exidx     0x00000114        0x8 c:/program files/microchip/xc32/v4.21/bin/bin/../../lib/gcc/pic32c/8.3.1/thumb/v8-m.base/nofp\libgcc.a(_udivmoddi4.o)
                [!provide]                PROVIDE (__exidx_end = .)
                0x0000011c                . = ALIGN (0x4)
                0x0000011c                _etext = .

.bss            0x20000000        0x0
                0x20000000                . = ALIGN (0x4)
                0x20000000                __bss_start__ = .
                0x20000000                _sbss = .
                0x20000000                _szero = .
 *(COMMON)
                0x20000000                . = ALIGN (0x4)
                0x20000000                __bss_end__ = .
                0x20000000                _ebss = .
                0x20000000                _ezero = .
                0x20000000                . = ALIGN (0x4)
                0x20000000                _end = .
                0x20003fff                _ram_end_ = ((ORIGIN (ram) + LENGTH (ram)) - 0x1)
                0x00000200                _min_heap_size = 0x200
START GROUP
LOAD c:/program files/microchip/xc32/v4.21/bin/bin/../../lib/gcc/pic32c/8.3.1/../../../../pic32c/lib/thumb/v8-m.base/nofp\libpic32c.a
LOAD c:/program files/microchip/xc32/v4.21/bin/bin/../../lib/gcc/pic32c/8.3.1/../../../../pic32c/lib/thumb/v8-m.base/nofp\libm-emfloat.a
LOAD c:/program files/microchip/xc32/v4.21/bin/bin/../../lib/gcc/pic32c/8.3.1/../../../../pic32c/lib/thumb/v8-m.base/nofp\libc-musl.a
LOAD c:/program files/microchip/xc32/v4.21/bin/bin/../../lib/gcc/pic32c/8.3.1/../../../../pic32c/lib/thumb/v8-m.base/nofp\libm-emfloat.a
LOAD c:/program files/microchip/xc32/v4.21/bin/bin/../../lib/gcc/pic32c/8.3.1/thumb/v8-m.base/nofp\libgcc.a
END GROUP
LOAD c:/program files/microchip/xc32/v4.21/bin/bin/../../lib/gcc/pic32c/8.3.1/thumb/v8-m.base/nofp/crtend.o
LOAD c:/program files/microchip/xc32/v4.21/bin/bin/../../lib/gcc/pic32c/8.3.1/thumb/v8-m.base/nofp/crtn.o
OUTPUT(dist/sam_l10_xpro/production/sam_l10_xpro.X.production.elf elf32-littlearm)
LOAD stack
LOAD data_init

.ARM.attributes
                0x00000000       0x2e
 .ARM.attributes
                0x00000000       0x22 c:/program files/microchip/xc32/v4.21/bin/bin/../../lib/gcc/pic32c/8.3.1/thumb/v8-m.base/nofp/crti.o
 .ARM.attributes
                0x00000022       0x30 c:/program files/microchip/xc32/v4.21/bin/bin/../../lib/gcc/pic32c/8.3.1/thumb/v8-m.base/nofp/crtbegin.o
 .ARM.attributes
                0x00000052       0x30 build/sam_l10_xpro/production/_ext/1184338560/plib_adc.o
 .ARM.attributes
                0x00000082       0x30 build/sam_l10_xpro/production/_ext/14877202/plib_clock.o
 .ARM.attributes
                0x000000b2       0x30 build/sam_l10_xpro/production/_ext/1184341350/plib_dac.o
 .ARM.attributes
                0x000000e2       0x30 build/sam_l10_xpro/production/_ext/12727716/plib_evsys.o
 .ARM.attributes
                0x00000112       0x30 build/sam_l10_xpro/production/_ext/1939805438/plib_nvic.o
 .ARM.attributes
                0x00000142       0x30 build/sam_l10_xpro/production/_ext/44973424/plib_nvmctrl.o
 .ARM.attributes
                0x00000172       0x30 build/sam_l10_xpro/production/_ext/592394269/plib_pm.o
 .ARM.attributes
                0x000001a2       0x30 build/sam_l10_xpro/production/_ext/1939752287/plib_port.o
 .ARM.attributes
                0x000001d2       0x30 build/sam_l10_xpro/production/_ext/1184355393/plib_rtc_timer.o
 .ARM.attributes
                0x00000202       0x30 build/sam_l10_xpro/production/_ext/399502665/plib_sercom0_usart.o
 .ARM.attributes
                0x00000232       0x30 build/sam_l10_xpro/production/_ext/592394383/plib_tc0.o
 .ARM.attributes
                0x00000262       0x30 build/sam_l10_xpro/production/_ext/1911983158/xc32_monitor.o
 .ARM.attributes
                0x00000292       0x30 build/sam_l10_xpro/production/_ext/13305212/initialization.o
 .ARM.attributes
                0x000002c2       0x30 build/sam_l10_xpro/production/_ext/13305212/interrupts.o
 .ARM.attributes
                0x000002f2       0x30 build/sam_l10_xpro/production/_ext/13305212/exceptions.o
 .ARM.attributes
                0x00000322       0x30 build/sam_l10_xpro/production/_ext/13305212/startup_xc32.o
 .ARM.attributes
                0x00000352       0x30 build/sam_l10_xpro/production/_ext/1360937237/main.o
 .ARM.attributes
                0x00000382       0x30 c:/program files/microchip/xc32/v4.21/bin/bin/../../lib/gcc/pic32c/8.3.1/../../../../pic32c/lib/thumb/v8-m.base/nofp\libpic32c.a(data_init_wrapper.o)
 .ARM.attributes
                0x000003b2       0x30 c:/program files/microchip/xc32/v4.21/bin/bin/../../lib/gcc/pic32c/8.3.1/../../../../pic32c/lib/thumb/v8-m.base/nofp\libpic32c.a(data_init_0_1.o)
 .ARM.attributes
                0x000003e2       0x32 c:/program files/microchip/xc32/v4.21/bin/bin/../../lib/gcc/pic32c/8.3.1/../../../../pic32c/lib/thumb/v8-m.base/nofp\libc-musl.a(__libc_start_main.o)
 .ARM.attributes
                0x00000414       0x32 c:/program files/microchip/xc32/v4.21/bin/bin/../../lib/gcc/pic32c/8.3.1/../../../../pic32c/lib/thumb/v8-m.base/nofp\libc-musl.a(libc.o)
 .ARM.attributes
                0x00000446       0x32 c:/program files/microchip/xc32/v4.21/bin/bin/../../lib/gcc/pic32c/8.3.1/../../../../pic32c/lib/thumb/v8-m.base/nofp\libc-musl.a(stdin.o)
 .ARM.attributes
                0x00000478       0x32 c:/program files/microchip/xc32/v4.21/bin/bin/../../lib/gcc/pic32c/8.3.1/../../../../pic32c/lib/thumb/v8-m.base/nofp\libc-musl.a(stdout.o)
 .ARM.attributes
                0x000004aa       0x32 c:/program files/microchip/xc32/v4.21/bin/bin/../../lib/gcc/pic32c/8.3.1/../../../../pic32c/lib/thumb/v8-m.base/nofp\libc-musl.a(printf.o)
 .ARM.attributes
                0x000004dc       0x32 c:/program files/microchip/xc32/v4.21/bin/bin/../../lib/gcc/pic32c/8.3.1/../../../../pic32c/lib/thumb/v8-m.base/nofp\libc-musl.a(putchar.o)
 .ARM.attributes
                0x0000050e       0x32 c:/program files/microchip/xc32/v4.21/bin/bin/../../lib/gcc/pic32c/8.3.1/../../../../pic32c/lib/thumb/v8-m.base/nofp\libc-musl.a(setbuf.o)
 .ARM.attributes
                0x00000540       0x32 c:/program files/microchip/xc32/v4.21/bin/bin/../../lib/gcc/pic32c/8.3.1/../../../../pic32c/lib/thumb/v8-m.base/nofp\libc-musl.a(memcpy.o)
 .ARM.attributes
                0x00000572       0x32 c:/program files/microchip/xc32/v4.21/bin/bin/../../lib/gcc/pic32c/8.3.1/../../../../pic32c/lib/thumb/v8-m.base/nofp\libc-musl.a(__environ.o)
 .ARM.attributes
                0x000005a4       0x32 c:/program files/microchip/xc32/v4.21/bin/bin/../../lib/gcc/pic32c/8.3.1/../../../../pic32c/lib/thumb/v8-m.base/nofp\libc-musl.a(__stdio_read.o)
 .ARM.attributes
                0x000005d6       0x32 c:/program files/microchip/xc32/v4.21/bin/bin/../../lib/gcc/pic32c/8.3.1/../../../../pic32c/lib/thumb/v8-m.base/nofp\libc-musl.a(__towrite_rw.o)
 .ARM.attributes
                0x00000608       0x32 c:/program files/microchip/xc32/v4.21/bin/bin/../../lib/gcc/pic32c/8.3.1/../../../../pic32c/lib/thumb/v8-m.base/nofp\libc-musl.a(putc.o)
 .ARM.attributes
                0x0000063a       0x32 c:/program files/microchip/xc32/v4.21/bin/bin/../../lib/gcc/pic32c/8.3.1/../../../../pic32c/lib/thumb/v8-m.base/nofp\libc-musl.a(setvbuf.o)
 .ARM.attributes
                0x0000066c       0x32 c:/program files/microchip/xc32/v4.21/bin/bin/../../lib/gcc/pic32c/8.3.1/../../../../pic32c/lib/thumb/v8-m.base/nofp\libc-musl.a(vfprintf.o)
 .ARM.attributes
                0x0000069e       0x32 c:/program files/microchip/xc32/v4.21/bin/bin/../../lib/gcc/pic32c/8.3.1/../../../../pic32c/lib/thumb/v8-m.base/nofp\libc-musl.a(readv.o)
 .ARM.attributes
                0x000006d0       0x32 c:/program files/microchip/xc32/v4.21/bin/bin/../../lib/gcc/pic32c/8.3.1/../../../../pic32c/lib/thumb/v8-m.base/nofp\libc-musl.a(malloc.o)
 .ARM.attributes
                0x00000702       0x32 c:/program files/microchip/xc32/v4.21/bin/bin/../../lib/gcc/pic32c/8.3.1/../../../../pic32c/lib/thumb/v8-m.base/nofp\libc-musl.a(expand_heap.o)
 .ARM.attributes
                0x00000734       0x32 c:/program files/microchip/xc32/v4.21/bin/bin/../../lib/gcc/pic32c/8.3.1/../../../../pic32c/lib/thumb/v8-m.base/nofp\libc-musl.a(__fwrite.o)
 .ARM.attributes
                0x00000766       0x32 c:/program files/microchip/xc32/v4.21/bin/bin/../../lib/gcc/pic32c/8.3.1/../../../../pic32c/lib/thumb/v8-m.base/nofp\libc-musl.a(__init_stdio.o)
 .ARM.attributes
                0x00000798       0x32 c:/program files/microchip/xc32/v4.21/bin/bin/../../lib/gcc/pic32c/8.3.1/../../../../pic32c/lib/thumb/v8-m.base/nofp\libc-musl.a(__out.o)
 .ARM.attributes
                0x000007ca       0x32 c:/program files/microchip/xc32/v4.21/bin/bin/../../lib/gcc/pic32c/8.3.1/../../../../pic32c/lib/thumb/v8-m.base/nofp\libc-musl.a(__pop_float.o)
 .ARM.attributes
                0x000007fc       0x32 c:/program files/microchip/xc32/v4.21/bin/bin/../../lib/gcc/pic32c/8.3.1/../../../../pic32c/lib/thumb/v8-m.base/nofp\libc-musl.a(__pop_int.o)
 .ARM.attributes
                0x0000082e       0x32 c:/program files/microchip/xc32/v4.21/bin/bin/../../lib/gcc/pic32c/8.3.1/../../../../pic32c/lib/thumb/v8-m.base/nofp\libc-musl.a(__pop_ptr.o)
 .ARM.attributes
                0x00000860       0x32 c:/program files/microchip/xc32/v4.21/bin/bin/../../lib/gcc/pic32c/8.3.1/../../../../pic32c/lib/thumb/v8-m.base/nofp\libc-musl.a(__printf_core.o)
 .ARM.attributes
                0x00000892       0x32 c:/program files/microchip/xc32/v4.21/bin/bin/../../lib/gcc/pic32c/8.3.1/../../../../pic32c/lib/thumb/v8-m.base/nofp\libc-musl.a(__putc.o)
 .ARM.attributes
                0x000008c4       0x32 c:/program files/microchip/xc32/v4.21/bin/bin/../../lib/gcc/pic32c/8.3.1/../../../../pic32c/lib/thumb/v8-m.base/nofp\libc-musl.a(__stderr.o)
 .ARM.attributes
                0x000008f6       0x32 c:/program files/microchip/xc32/v4.21/bin/bin/../../lib/gcc/pic32c/8.3.1/../../../../pic32c/lib/thumb/v8-m.base/nofp\libc-musl.a(__stdio_close.o)
 .ARM.attributes
                0x00000928       0x32 c:/program files/microchip/xc32/v4.21/bin/bin/../../lib/gcc/pic32c/8.3.1/../../../../pic32c/lib/thumb/v8-m.base/nofp\libc-musl.a(__stdio_write.o)
 .ARM.attributes
                0x0000095a       0x32 c:/program files/microchip/xc32/v4.21/bin/bin/../../lib/gcc/pic32c/8.3.1/../../../../pic32c/lib/thumb/v8-m.base/nofp\libc-musl.a(__stdout.o)
 .ARM.attributes
                0x0000098c       0x32 c:/program files/microchip/xc32/v4.21/bin/bin/../../lib/gcc/pic32c/8.3.1/../../../../pic32c/lib/thumb/v8-m.base/nofp\libc-musl.a(__towrite.o)
 .ARM.attributes
                0x000009be       0x32 c:/program files/microchip/xc32/v4.21/bin/bin/../../lib/gcc/pic32c/8.3.1/../../../../pic32c/lib/thumb/v8-m.base/nofp\libc-musl.a(atoi.o)
 .ARM.attributes
                0x000009f0       0x32 c:/program files/microchip/xc32/v4.21/bin/bin/../../lib/gcc/pic32c/8.3.1/../../../../pic32c/lib/thumb/v8-m.base/nofp\libc-musl.a(memset.o)
 .ARM.attributes
                0x00000a22       0x32 c:/program files/microchip/xc32/v4.21/bin/bin/../../lib/gcc/pic32c/8.3.1/../../../../pic32c/lib/thumb/v8-m.base/nofp\libc-musl.a(writev.o)
 .ARM.attributes
                0x00000a54       0x32 c:/program files/microchip/xc32/v4.21/bin/bin/../../lib/gcc/pic32c/8.3.1/../../../../pic32c/lib/thumb/v8-m.base/nofp\libc-musl.a(tolower.o)
 .ARM.attributes
                0x00000a86       0x32 c:/program files/microchip/xc32/v4.21/bin/bin/../../lib/gcc/pic32c/8.3.1/../../../../pic32c/lib/thumb/v8-m.base/nofp\libc-musl.a(__errno_location.o)
 .ARM.attributes
                0x00000ab8       0x32 c:/program files/microchip/xc32/v4.21/bin/bin/../../lib/gcc/pic32c/8.3.1/../../../../pic32c/lib/thumb/v8-m.base/nofp\libc-musl.a(__overflow.o)
 .ARM.attributes
                0x00000aea       0x32 c:/program files/microchip/xc32/v4.21/bin/bin/../../lib/gcc/pic32c/8.3.1/../../../../pic32c/lib/thumb/v8-m.base/nofp\libc-musl.a(__fmt_a.o)
 .ARM.attributes
                0x00000b1c       0x32 c:/program files/microchip/xc32/v4.21/bin/bin/../../lib/gcc/pic32c/8.3.1/../../../../pic32c/lib/thumb/v8-m.base/nofp\libc-musl.a(__fmt_d.o)
 .ARM.attributes
                0x00000b4e       0x32 c:/program files/microchip/xc32/v4.21/bin/bin/../../lib/gcc/pic32c/8.3.1/../../../../pic32c/lib/thumb/v8-m.base/nofp\libc-musl.a(__fmt_fp.o)
 .ARM.attributes
                0x00000b80       0x32 c:/program files/microchip/xc32/v4.21/bin/bin/../../lib/gcc/pic32c/8.3.1/../../../../pic32c/lib/thumb/v8-m.base/nofp\libc-musl.a(__fmt_o.o)
 .ARM.attributes
                0x00000bb2       0x32 c:/program files/microchip/xc32/v4.21/bin/bin/../../lib/gcc/pic32c/8.3.1/../../../../pic32c/lib/thumb/v8-m.base/nofp\libc-musl.a(__fmt_s.o)
 .ARM.attributes
                0x00000be4       0x32 c:/program files/microchip/xc32/v4.21/bin/bin/../../lib/gcc/pic32c/8.3.1/../../../../pic32c/lib/thumb/v8-m.base/nofp\libc-musl.a(__fmt_u.o)
 .ARM.attributes
                0x00000c16       0x32 c:/program files/microchip/xc32/v4.21/bin/bin/../../lib/gcc/pic32c/8.3.1/../../../../pic32c/lib/thumb/v8-m.base/nofp\libc-musl.a(__fmt_x.o)
 .ARM.attributes
                0x00000c48       0x32 c:/program files/microchip/xc32/v4.21/bin/bin/../../lib/gcc/pic32c/8.3.1/../../../../pic32c/lib/thumb/v8-m.base/nofp\libc-musl.a(strlen.o)
 .ARM.attributes
                0x00000c7a       0x32 c:/program files/microchip/xc32/v4.21/bin/bin/../../lib/gcc/pic32c/8.3.1/../../../../pic32c/lib/thumb/v8-m.base/nofp\libc-musl.a(strcpy.o)
 .ARM.attributes
                0x00000cac       0x32 c:/program files/microchip/xc32/v4.21/bin/bin/../../lib/gcc/pic32c/8.3.1/../../../../pic32c/lib/thumb/v8-m.base/nofp\libc-musl.a(toupper.o)
 .ARM.attributes
                0x00000cde       0x32 c:/program files/microchip/xc32/v4.21/bin/bin/../../lib/gcc/pic32c/8.3.1/../../../../pic32c/lib/thumb/v8-m.base/nofp\libc-musl.a(stpcpy.o)
 .ARM.attributes
                0x00000d10       0x30 c:/program files/microchip/xc32/v4.21/bin/bin/../../lib/gcc/pic32c/8.3.1/../../../../pic32c/lib/thumb/v8-m.base/nofp\libm-emfloat.a(fma.o)
 .ARM.attributes
                0x00000d40       0x30 c:/program files/microchip/xc32/v4.21/bin/bin/../../lib/gcc/pic32c/8.3.1/../../../../pic32c/lib/thumb/v8-m.base/nofp\libm-emfloat.a(floor.o)
 .ARM.attributes
                0x00000d70       0x20 c:/program files/microchip/xc32/v4.21/bin/bin/../../lib/gcc/pic32c/8.3.1/../../../../pic32c/lib/thumb/v8-m.base/nofp\libm-emfloat.a(__aeabi_dadd.o)
 .ARM.attributes
                0x00000d90       0x20 c:/program files/microchip/xc32/v4.21/bin/bin/../../lib/gcc/pic32c/8.3.1/../../../../pic32c/lib/thumb/v8-m.base/nofp\libm-emfloat.a(__aeabi_dsub.o)
 .ARM.attributes
                0x00000db0       0x20 c:/program files/microchip/xc32/v4.21/bin/bin/../../lib/gcc/pic32c/8.3.1/../../../../pic32c/lib/thumb/v8-m.base/nofp\libm-emfloat.a(__aeabi_dmul_aux.o)
 .ARM.attributes
                0x00000dd0       0x20 c:/program files/microchip/xc32/v4.21/bin/bin/../../lib/gcc/pic32c/8.3.1/../../../../pic32c/lib/thumb/v8-m.base/nofp\libm-emfloat.a(__aeabi_ddiv.o)
 .ARM.attributes
                0x00000df0       0x20 c:/program files/microchip/xc32/v4.21/bin/bin/../../lib/gcc/pic32c/8.3.1/../../../../pic32c/lib/thumb/v8-m.base/nofp\libm-emfloat.a(__aeabi_dcmple.o)
 .ARM.attributes
                0x00000e10       0x20 c:/program files/microchip/xc32/v4.21/bin/bin/../../lib/gcc/pic32c/8.3.1/../../../../pic32c/lib/thumb/v8-m.base/nofp\libm-emfloat.a(__aeabi_dcmpeq.o)
 .ARM.attributes
                0x00000e30       0x20 c:/program files/microchip/xc32/v4.21/bin/bin/../../lib/gcc/pic32c/8.3.1/../../../../pic32c/lib/thumb/v8-m.base/nofp\libm-emfloat.a(__aeabi_dcmpgt.o)
 .ARM.attributes
                0x00000e50       0x20 c:/program files/microchip/xc32/v4.21/bin/bin/../../lib/gcc/pic32c/8.3.1/../../../../pic32c/lib/thumb/v8-m.base/nofp\libm-emfloat.a(__aeabi_dcmplt.o)
 .ARM.attributes
                0x00000e70       0x20 c:/program files/microchip/xc32/v4.21/bin/bin/../../lib/gcc/pic32c/8.3.1/../../../../pic32c/lib/thumb/v8-m.base/nofp\libm-emfloat.a(__aeabi_d2iz.o)
 .ARM.attributes
                0x00000e90       0x20 c:/program files/microchip/xc32/v4.21/bin/bin/../../lib/gcc/pic32c/8.3.1/../../../../pic32c/lib/thumb/v8-m.base/nofp\libm-emfloat.a(__aeabi_d2uiz.o)
 .ARM.attributes
                0x00000eb0       0x22 c:/program files/microchip/xc32/v4.21/bin/bin/../../lib/gcc/pic32c/8.3.1/thumb/v8-m.base/nofp\libgcc.a(_lshrdi3.o)
 .ARM.attributes
                0x00000ed2       0x22 c:/program files/microchip/xc32/v4.21/bin/bin/../../lib/gcc/pic32c/8.3.1/thumb/v8-m.base/nofp\libgcc.a(_ashldi3.o)
 .ARM.attributes
                0x00000ef4       0x22 c:/program files/microchip/xc32/v4.21/bin/bin/../../lib/gcc/pic32c/8.3.1/thumb/v8-m.base/nofp\libgcc.a(_aeabi_uldivmod.o)
 .ARM.attributes
                0x00000f16       0x30 c:/program files/microchip/xc32/v4.21/bin/bin/../../lib/gcc/pic32c/8.3.1/thumb/v8-m.base/nofp\libgcc.a(_udivmoddi4.o)
 .ARM.attributes
                0x00000f46       0x22 c:/program files/microchip/xc32/v4.21/bin/bin/../../lib/gcc/pic32c/8.3.1/thumb/v8-m.base/nofp\libgcc.a(_dvmd_tls.o)
 .ARM.attributes
                0x00000f68       0x22 c:/program files/microchip/xc32/v4.21/bin/bin/../../lib/gcc/pic32c/8.3.1/thumb/v8-m.base/nofp\libgcc.a(_clzsi2.o)
 .ARM.attributes
                0x00000f8a       0x30 c:/program files/microchip/xc32/v4.21/bin/bin/../../lib/gcc/pic32c/8.3.1/../../../../pic32c/lib/thumb/v8-m.base/nofp\libpic32c.a(close.o)
 .ARM.attributes
                0x00000fba       0x30 c:/program files/microchip/xc32/v4.21/bin/bin/../../lib/gcc/pic32c/8.3.1/../../../../pic32c/lib/thumb/v8-m.base/nofp\libpic32c.a(lseek.o)
 .ARM.attributes
                0x00000fea       0x30 c:/program files/microchip/xc32/v4.21/bin/bin/../../lib/gcc/pic32c/8.3.1/../../../../pic32c/lib/thumb/v8-m.base/nofp\libpic32c.a(sbrk.o)
 .ARM.attributes
                0x0000101a       0x22 c:/program files/microchip/xc32/v4.21/bin/bin/../../lib/gcc/pic32c/8.3.1/thumb/v8-m.base/nofp/crtn.o

.comment        0x00000000       0x2b
 .comment       0x00000000       0x2b c:/program files/microchip/xc32/v4.21/bin/bin/../../lib/gcc/pic32c/8.3.1/thumb/v8-m.base/nofp/crtbegin.o
                                 0x2c (size before relaxing)
 .comment       0x0000002b       0x2c build/sam_l10_xpro/production/_ext/1184338560/plib_adc.o
 .comment       0x0000002b       0x2c build/sam_l10_xpro/production/_ext/14877202/plib_clock.o
 .comment       0x0000002b       0x2c build/sam_l10_xpro/production/_ext/1184341350/plib_dac.o
 .comment       0x0000002b       0x2c build/sam_l10_xpro/production/_ext/12727716/plib_evsys.o
 .comment       0x0000002b       0x2c build/sam_l10_xpro/production/_ext/1939805438/plib_nvic.o
 .comment       0x0000002b       0x2c build/sam_l10_xpro/production/_ext/44973424/plib_nvmctrl.o
 .comment       0x0000002b       0x2c build/sam_l10_xpro/production/_ext/592394269/plib_pm.o
 .comment       0x0000002b       0x2c build/sam_l10_xpro/production/_ext/1939752287/plib_port.o
 .comment       0x0000002b       0x2c build/sam_l10_xpro/production/_ext/1184355393/plib_rtc_timer.o
 .comment       0x0000002b       0x2c build/sam_l10_xpro/production/_ext/399502665/plib_sercom0_usart.o
 .comment       0x0000002b       0x2c build/sam_l10_xpro/production/_ext/592394383/plib_tc0.o
 .comment       0x0000002b       0x2c build/sam_l10_xpro/production/_ext/1911983158/xc32_monitor.o
 .comment       0x0000002b       0x2c build/sam_l10_xpro/production/_ext/13305212/initialization.o
 .comment       0x0000002b       0x2c build/sam_l10_xpro/production/_ext/13305212/interrupts.o
 .comment       0x0000002b       0x2c build/sam_l10_xpro/production/_ext/13305212/exceptions.o
 .comment       0x0000002b       0x2c build/sam_l10_xpro/production/_ext/13305212/startup_xc32.o
 .comment       0x0000002b       0x2c build/sam_l10_xpro/production/_ext/1360937237/main.o
 .comment       0x0000002b       0x2c c:/program files/microchip/xc32/v4.21/bin/bin/../../lib/gcc/pic32c/8.3.1/../../../../pic32c/lib/thumb/v8-m.base/nofp\libpic32c.a(data_init_wrapper.o)
 .comment       0x0000002b       0x2c c:/program files/microchip/xc32/v4.21/bin/bin/../../lib/gcc/pic32c/8.3.1/../../../../pic32c/lib/thumb/v8-m.base/nofp\libpic32c.a(data_init_0_1.o)
 .comment       0x0000002b       0x2c c:/program files/microchip/xc32/v4.21/bin/bin/../../lib/gcc/pic32c/8.3.1/../../../../pic32c/lib/thumb/v8-m.base/nofp\libc-musl.a(__libc_start_main.o)
 .comment       0x0000002b       0x2c c:/program files/microchip/xc32/v4.21/bin/bin/../../lib/gcc/pic32c/8.3.1/../../../../pic32c/lib/thumb/v8-m.base/nofp\libc-musl.a(libc.o)
 .comment       0x0000002b       0x2c c:/program files/microchip/xc32/v4.21/bin/bin/../../lib/gcc/pic32c/8.3.1/../../../../pic32c/lib/thumb/v8-m.base/nofp\libc-musl.a(stdin.o)
 .comment       0x0000002b       0x2c c:/program files/microchip/xc32/v4.21/bin/bin/../../lib/gcc/pic32c/8.3.1/../../../../pic32c/lib/thumb/v8-m.base/nofp\libc-musl.a(stdout.o)
 .comment       0x0000002b       0x2c c:/program files/microchip/xc32/v4.21/bin/bin/../../lib/gcc/pic32c/8.3.1/../../../../pic32c/lib/thumb/v8-m.base/nofp\libc-musl.a(printf.o)
 .comment       0x0000002b       0x2c c:/program files/microchip/xc32/v4.21/bin/bin/../../lib/gcc/pic32c/8.3.1/../../../../pic32c/lib/thumb/v8-m.base/nofp\libc-musl.a(putchar.o)
 .comment       0x0000002b       0x2c c:/program files/microchip/xc32/v4.21/bin/bin/../../lib/gcc/pic32c/8.3.1/../../../../pic32c/lib/thumb/v8-m.base/nofp\libc-musl.a(setbuf.o)
 .comment       0x0000002b       0x2c c:/program files/microchip/xc32/v4.21/bin/bin/../../lib/gcc/pic32c/8.3.1/../../../../pic32c/lib/thumb/v8-m.base/nofp\libc-musl.a(memcpy.o)
 .comment       0x0000002b       0x2c c:/program files/microchip/xc32/v4.21/bin/bin/../../lib/gcc/pic32c/8.3.1/../../../../pic32c/lib/thumb/v8-m.base/nofp\libc-musl.a(__environ.o)
 .comment       0x0000002b       0x2c c:/program files/microchip/xc32/v4.21/bin/bin/../../lib/gcc/pic32c/8.3.1/../../../../pic32c/lib/thumb/v8-m.base/nofp\libc-musl.a(__stdio_read.o)
 .comment       0x0000002b       0x2c c:/program files/microchip/xc32/v4.21/bin/bin/../../lib/gcc/pic32c/8.3.1/../../../../pic32c/lib/thumb/v8-m.base/nofp\libc-musl.a(__towrite_rw.o)
 .comment       0x0000002b       0x2c c:/program files/microchip/xc32/v4.21/bin/bin/../../lib/gcc/pic32c/8.3.1/../../../../pic32c/lib/thumb/v8-m.base/nofp\libc-musl.a(putc.o)
 .comment       0x0000002b       0x2c c:/program files/microchip/xc32/v4.21/bin/bin/../../lib/gcc/pic32c/8.3.1/../../../../pic32c/lib/thumb/v8-m.base/nofp\libc-musl.a(setvbuf.o)
 .comment       0x0000002b       0x2c c:/program files/microchip/xc32/v4.21/bin/bin/../../lib/gcc/pic32c/8.3.1/../../../../pic32c/lib/thumb/v8-m.base/nofp\libc-musl.a(vfprintf.o)
 .comment       0x0000002b       0x2c c:/program files/microchip/xc32/v4.21/bin/bin/../../lib/gcc/pic32c/8.3.1/../../../../pic32c/lib/thumb/v8-m.base/nofp\libc-musl.a(readv.o)
 .comment       0x0000002b       0x2c c:/program files/microchip/xc32/v4.21/bin/bin/../../lib/gcc/pic32c/8.3.1/../../../../pic32c/lib/thumb/v8-m.base/nofp\libc-musl.a(malloc.o)
 .comment       0x0000002b       0x2c c:/program files/microchip/xc32/v4.21/bin/bin/../../lib/gcc/pic32c/8.3.1/../../../../pic32c/lib/thumb/v8-m.base/nofp\libc-musl.a(expand_heap.o)
 .comment       0x0000002b       0x2c c:/program files/microchip/xc32/v4.21/bin/bin/../../lib/gcc/pic32c/8.3.1/../../../../pic32c/lib/thumb/v8-m.base/nofp\libc-musl.a(__fwrite.o)
 .comment       0x0000002b       0x2c c:/program files/microchip/xc32/v4.21/bin/bin/../../lib/gcc/pic32c/8.3.1/../../../../pic32c/lib/thumb/v8-m.base/nofp\libc-musl.a(__init_stdio.o)
 .comment       0x0000002b       0x2c c:/program files/microchip/xc32/v4.21/bin/bin/../../lib/gcc/pic32c/8.3.1/../../../../pic32c/lib/thumb/v8-m.base/nofp\libc-musl.a(__out.o)
 .comment       0x0000002b       0x2c c:/program files/microchip/xc32/v4.21/bin/bin/../../lib/gcc/pic32c/8.3.1/../../../../pic32c/lib/thumb/v8-m.base/nofp\libc-musl.a(__pop_float.o)
 .comment       0x0000002b       0x2c c:/program files/microchip/xc32/v4.21/bin/bin/../../lib/gcc/pic32c/8.3.1/../../../../pic32c/lib/thumb/v8-m.base/nofp\libc-musl.a(__pop_int.o)
 .comment       0x0000002b       0x2c c:/program files/microchip/xc32/v4.21/bin/bin/../../lib/gcc/pic32c/8.3.1/../../../../pic32c/lib/thumb/v8-m.base/nofp\libc-musl.a(__pop_ptr.o)
 .comment       0x0000002b       0x2c c:/program files/microchip/xc32/v4.21/bin/bin/../../lib/gcc/pic32c/8.3.1/../../../../pic32c/lib/thumb/v8-m.base/nofp\libc-musl.a(__printf_core.o)
 .comment       0x0000002b       0x2c c:/program files/microchip/xc32/v4.21/bin/bin/../../lib/gcc/pic32c/8.3.1/../../../../pic32c/lib/thumb/v8-m.base/nofp\libc-musl.a(__putc.o)
 .comment       0x0000002b       0x2c c:/program files/microchip/xc32/v4.21/bin/bin/../../lib/gcc/pic32c/8.3.1/../../../../pic32c/lib/thumb/v8-m.base/nofp\libc-musl.a(__stderr.o)
 .comment       0x0000002b       0x2c c:/program files/microchip/xc32/v4.21/bin/bin/../../lib/gcc/pic32c/8.3.1/../../../../pic32c/lib/thumb/v8-m.base/nofp\libc-musl.a(__stdio_close.o)
 .comment       0x0000002b       0x2c c:/program files/microchip/xc32/v4.21/bin/bin/../../lib/gcc/pic32c/8.3.1/../../../../pic32c/lib/thumb/v8-m.base/nofp\libc-musl.a(__stdio_write.o)
 .comment       0x0000002b       0x2c c:/program files/microchip/xc32/v4.21/bin/bin/../../lib/gcc/pic32c/8.3.1/../../../../pic32c/lib/thumb/v8-m.base/nofp\libc-musl.a(__stdout.o)
 .comment       0x0000002b       0x2c c:/program files/microchip/xc32/v4.21/bin/bin/../../lib/gcc/pic32c/8.3.1/../../../../pic32c/lib/thumb/v8-m.base/nofp\libc-musl.a(__towrite.o)
 .comment       0x0000002b       0x2c c:/program files/microchip/xc32/v4.21/bin/bin/../../lib/gcc/pic32c/8.3.1/../../../../pic32c/lib/thumb/v8-m.base/nofp\libc-musl.a(atoi.o)
 .comment       0x0000002b       0x2c c:/program files/microchip/xc32/v4.21/bin/bin/../../lib/gcc/pic32c/8.3.1/../../../../pic32c/lib/thumb/v8-m.base/nofp\libc-musl.a(memset.o)
 .comment       0x0000002b       0x2c c:/program files/microchip/xc32/v4.21/bin/bin/../../lib/gcc/pic32c/8.3.1/../../../../pic32c/lib/thumb/v8-m.base/nofp\libc-musl.a(writev.o)
 .comment       0x0000002b       0x2c c:/program files/microchip/xc32/v4.21/bin/bin/../../lib/gcc/pic32c/8.3.1/../../../../pic32c/lib/thumb/v8-m.base/nofp\libc-musl.a(tolower.o)
 .comment       0x0000002b       0x2c c:/program files/microchip/xc32/v4.21/bin/bin/../../lib/gcc/pic32c/8.3.1/../../../../pic32c/lib/thumb/v8-m.base/nofp\libc-musl.a(__errno_location.o)
 .comment       0x0000002b       0x2c c:/program files/microchip/xc32/v4.21/bin/bin/../../lib/gcc/pic32c/8.3.1/../../../../pic32c/lib/thumb/v8-m.base/nofp\libc-musl.a(__overflow.o)
 .comment       0x0000002b       0x2c c:/program files/microchip/xc32/v4.21/bin/bin/../../lib/gcc/pic32c/8.3.1/../../../../pic32c/lib/thumb/v8-m.base/nofp\libc-musl.a(__fmt_a.o)
 .comment       0x0000002b       0x2c c:/program files/microchip/xc32/v4.21/bin/bin/../../lib/gcc/pic32c/8.3.1/../../../../pic32c/lib/thumb/v8-m.base/nofp\libc-musl.a(__fmt_d.o)
 .comment       0x0000002b       0x2c c:/program files/microchip/xc32/v4.21/bin/bin/../../lib/gcc/pic32c/8.3.1/../../../../pic32c/lib/thumb/v8-m.base/nofp\libc-musl.a(__fmt_fp.o)
 .comment       0x0000002b       0x2c c:/program files/microchip/xc32/v4.21/bin/bin/../../lib/gcc/pic32c/8.3.1/../../../../pic32c/lib/thumb/v8-m.base/nofp\libc-musl.a(__fmt_o.o)
 .comment       0x0000002b       0x2c c:/program files/microchip/xc32/v4.21/bin/bin/../../lib/gcc/pic32c/8.3.1/../../../../pic32c/lib/thumb/v8-m.base/nofp\libc-musl.a(__fmt_s.o)
 .comment       0x0000002b       0x2c c:/program files/microchip/xc32/v4.21/bin/bin/../../lib/gcc/pic32c/8.3.1/../../../../pic32c/lib/thumb/v8-m.base/nofp\libc-musl.a(__fmt_u.o)
 .comment       0x0000002b       0x2c c:/program files/microchip/xc32/v4.21/bin/bin/../../lib/gcc/pic32c/8.3.1/../../../../pic32c/lib/thumb/v8-m.base/nofp\libc-musl.a(__fmt_x.o)
 .comment       0x0000002b       0x2c c:/program files/microchip/xc32/v4.21/bin/bin/../../lib/gcc/pic32c/8.3.1/../../../../pic32c/lib/thumb/v8-m.base/nofp\libc-musl.a(strlen.o)
 .comment       0x0000002b       0x2c c:/program files/microchip/xc32/v4.21/bin/bin/../../lib/gcc/pic32c/8.3.1/../../../../pic32c/lib/thumb/v8-m.base/nofp\libc-musl.a(strcpy.o)
 .comment       0x0000002b       0x2c c:/program files/microchip/xc32/v4.21/bin/bin/../../lib/gcc/pic32c/8.3.1/../../../../pic32c/lib/thumb/v8-m.base/nofp\libc-musl.a(toupper.o)
 .comment       0x0000002b       0x2c c:/program files/microchip/xc32/v4.21/bin/bin/../../lib/gcc/pic32c/8.3.1/../../../../pic32c/lib/thumb/v8-m.base/nofp\libc-musl.a(stpcpy.o)
 .comment       0x0000002b       0x2c c:/program files/microchip/xc32/v4.21/bin/bin/../../lib/gcc/pic32c/8.3.1/../../../../pic32c/lib/thumb/v8-m.base/nofp\libm-emfloat.a(fma.o)
 .comment       0x0000002b       0x2c c:/program files/microchip/xc32/v4.21/bin/bin/../../lib/gcc/pic32c/8.3.1/../../../../pic32c/lib/thumb/v8-m.base/nofp\libm-emfloat.a(floor.o)
 .comment       0x0000002b       0x2c c:/program files/microchip/xc32/v4.21/bin/bin/../../lib/gcc/pic32c/8.3.1/thumb/v8-m.base/nofp\libgcc.a(_udivmoddi4.o)
 .comment       0x0000002b       0x2c c:/program files/microchip/xc32/v4.21/bin/bin/../../lib/gcc/pic32c/8.3.1/../../../../pic32c/lib/thumb/v8-m.base/nofp\libpic32c.a(close.o)
 .comment       0x0000002b       0x2c c:/program files/microchip/xc32/v4.21/bin/bin/../../lib/gcc/pic32c/8.3.1/../../../../pic32c/lib/thumb/v8-m.base/nofp\libpic32c.a(lseek.o)
 .comment       0x0000002b       0x2c c:/program files/microchip/xc32/v4.21/bin/bin/../../lib/gcc/pic32c/8.3.1/../../../../pic32c/lib/thumb/v8-m.base/nofp\libpic32c.a(sbrk.o)

.debug_info     0x00000000    0x1acab
 .debug_info    0x00000000      0xd96 build/sam_l10_xpro/production/_ext/1184338560/plib_adc.o
 .debug_info    0x00000d96      0x99d build/sam_l10_xpro/production/_ext/14877202/plib_clock.o
 .debug_info    0x00001733      0x4e0 build/sam_l10_xpro/production/_ext/1184341350/plib_dac.o
 .debug_info    0x00001c13      0x855 build/sam_l10_xpro/production/_ext/12727716/plib_evsys.o
 .debug_info    0x00002468      0xc20 build/sam_l10_xpro/production/_ext/1939805438/plib_nvic.o
 .debug_info    0x00003088      0xcf7 build/sam_l10_xpro/production/_ext/44973424/plib_nvmctrl.o
 .debug_info    0x00003d7f      0x4ef build/sam_l10_xpro/production/_ext/592394269/plib_pm.o
 .debug_info    0x0000426e      0xbb5 build/sam_l10_xpro/production/_ext/1939752287/plib_port.o
 .debug_info    0x00004e23      0xd81 build/sam_l10_xpro/production/_ext/1184355393/plib_rtc_timer.o
 .debug_info    0x00005ba4     0x1445 build/sam_l10_xpro/production/_ext/399502665/plib_sercom0_usart.o
 .debug_info    0x00006fe9      0xbef build/sam_l10_xpro/production/_ext/592394383/plib_tc0.o
 .debug_info    0x00007bd8      0x3e2 build/sam_l10_xpro/production/_ext/1911983158/xc32_monitor.o
 .debug_info    0x00007fba      0x7f7 build/sam_l10_xpro/production/_ext/13305212/initialization.o
 .debug_info    0x000087b1      0xa95 build/sam_l10_xpro/production/_ext/13305212/interrupts.o
 .debug_info    0x00009246      0x2c8 build/sam_l10_xpro/production/_ext/13305212/exceptions.o
 .debug_info    0x0000950e      0x42a build/sam_l10_xpro/production/_ext/13305212/startup_xc32.o
 .debug_info    0x00009938      0x538 build/sam_l10_xpro/production/_ext/1360937237/main.o
 .debug_info    0x00009e70      0x2a5 c:/program files/microchip/xc32/v4.21/bin/bin/../../lib/gcc/pic32c/8.3.1/../../../../pic32c/lib/thumb/v8-m.base/nofp\libpic32c.a(data_init_wrapper.o)
 .debug_info    0x0000a115      0x2a6 c:/program files/microchip/xc32/v4.21/bin/bin/../../lib/gcc/pic32c/8.3.1/../../../../pic32c/lib/thumb/v8-m.base/nofp\libpic32c.a(data_init_0_1.o)
 .debug_info    0x0000a3bb      0x624 c:/program files/microchip/xc32/v4.21/bin/bin/../../lib/gcc/pic32c/8.3.1/../../../../pic32c/lib/thumb/v8-m.base/nofp\libc-musl.a(__libc_start_main.o)
 .debug_info    0x0000a9df      0x536 c:/program files/microchip/xc32/v4.21/bin/bin/../../lib/gcc/pic32c/8.3.1/../../../../pic32c/lib/thumb/v8-m.base/nofp\libc-musl.a(libc.o)
 .debug_info    0x0000af15      0x6c1 c:/program files/microchip/xc32/v4.21/bin/bin/../../lib/gcc/pic32c/8.3.1/../../../../pic32c/lib/thumb/v8-m.base/nofp\libc-musl.a(stdin.o)
 .debug_info    0x0000b5d6      0x484 c:/program files/microchip/xc32/v4.21/bin/bin/../../lib/gcc/pic32c/8.3.1/../../../../pic32c/lib/thumb/v8-m.base/nofp\libc-musl.a(stdout.o)
 .debug_info    0x0000ba5a      0x339 c:/program files/microchip/xc32/v4.21/bin/bin/../../lib/gcc/pic32c/8.3.1/../../../../pic32c/lib/thumb/v8-m.base/nofp\libc-musl.a(printf.o)
 .debug_info    0x0000bd93      0x2db c:/program files/microchip/xc32/v4.21/bin/bin/../../lib/gcc/pic32c/8.3.1/../../../../pic32c/lib/thumb/v8-m.base/nofp\libc-musl.a(putchar.o)
 .debug_info    0x0000c06e      0x2ef c:/program files/microchip/xc32/v4.21/bin/bin/../../lib/gcc/pic32c/8.3.1/../../../../pic32c/lib/thumb/v8-m.base/nofp\libc-musl.a(setbuf.o)
 .debug_info    0x0000c35d      0x2f2 c:/program files/microchip/xc32/v4.21/bin/bin/../../lib/gcc/pic32c/8.3.1/../../../../pic32c/lib/thumb/v8-m.base/nofp\libc-musl.a(memcpy.o)
 .debug_info    0x0000c64f      0x2b0 c:/program files/microchip/xc32/v4.21/bin/bin/../../lib/gcc/pic32c/8.3.1/../../../../pic32c/lib/thumb/v8-m.base/nofp\libc-musl.a(__environ.o)
 .debug_info    0x0000c8ff      0x6ab c:/program files/microchip/xc32/v4.21/bin/bin/../../lib/gcc/pic32c/8.3.1/../../../../pic32c/lib/thumb/v8-m.base/nofp\libc-musl.a(__stdio_read.o)
 .debug_info    0x0000cfaa      0x5da c:/program files/microchip/xc32/v4.21/bin/bin/../../lib/gcc/pic32c/8.3.1/../../../../pic32c/lib/thumb/v8-m.base/nofp\libc-musl.a(__towrite_rw.o)
 .debug_info    0x0000d584      0x4a8 c:/program files/microchip/xc32/v4.21/bin/bin/../../lib/gcc/pic32c/8.3.1/../../../../pic32c/lib/thumb/v8-m.base/nofp\libc-musl.a(putc.o)
 .debug_info    0x0000da2c      0x54e c:/program files/microchip/xc32/v4.21/bin/bin/../../lib/gcc/pic32c/8.3.1/../../../../pic32c/lib/thumb/v8-m.base/nofp\libc-musl.a(setvbuf.o)
 .debug_info    0x0000df7a      0x6cb c:/program files/microchip/xc32/v4.21/bin/bin/../../lib/gcc/pic32c/8.3.1/../../../../pic32c/lib/thumb/v8-m.base/nofp\libc-musl.a(vfprintf.o)
 .debug_info    0x0000e645      0x367 c:/program files/microchip/xc32/v4.21/bin/bin/../../lib/gcc/pic32c/8.3.1/../../../../pic32c/lib/thumb/v8-m.base/nofp\libc-musl.a(readv.o)
 .debug_info    0x0000e9ac     0x13a2 c:/program files/microchip/xc32/v4.21/bin/bin/../../lib/gcc/pic32c/8.3.1/../../../../pic32c/lib/thumb/v8-m.base/nofp\libc-musl.a(malloc.o)
 .debug_info    0x0000fd4e      0x37d c:/program files/microchip/xc32/v4.21/bin/bin/../../lib/gcc/pic32c/8.3.1/../../../../pic32c/lib/thumb/v8-m.base/nofp\libc-musl.a(expand_heap.o)
 .debug_info    0x000100cb      0x545 c:/program files/microchip/xc32/v4.21/bin/bin/../../lib/gcc/pic32c/8.3.1/../../../../pic32c/lib/thumb/v8-m.base/nofp\libc-musl.a(__fwrite.o)
 .debug_info    0x00010610      0x32d c:/program files/microchip/xc32/v4.21/bin/bin/../../lib/gcc/pic32c/8.3.1/../../../../pic32c/lib/thumb/v8-m.base/nofp\libc-musl.a(__init_stdio.o)
 .debug_info    0x0001093d      0x541 c:/program files/microchip/xc32/v4.21/bin/bin/../../lib/gcc/pic32c/8.3.1/../../../../pic32c/lib/thumb/v8-m.base/nofp\libc-musl.a(__out.o)
 .debug_info    0x00010e7e      0x3de c:/program files/microchip/xc32/v4.21/bin/bin/../../lib/gcc/pic32c/8.3.1/../../../../pic32c/lib/thumb/v8-m.base/nofp\libc-musl.a(__pop_float.o)
 .debug_info    0x0001125c      0x402 c:/program files/microchip/xc32/v4.21/bin/bin/../../lib/gcc/pic32c/8.3.1/../../../../pic32c/lib/thumb/v8-m.base/nofp\libc-musl.a(__pop_int.o)
 .debug_info    0x0001165e      0x40e c:/program files/microchip/xc32/v4.21/bin/bin/../../lib/gcc/pic32c/8.3.1/../../../../pic32c/lib/thumb/v8-m.base/nofp\libc-musl.a(__pop_ptr.o)
 .debug_info    0x00011a6c      0xd45 c:/program files/microchip/xc32/v4.21/bin/bin/../../lib/gcc/pic32c/8.3.1/../../../../pic32c/lib/thumb/v8-m.base/nofp\libc-musl.a(__printf_core.o)
 .debug_info    0x000127b1      0x504 c:/program files/microchip/xc32/v4.21/bin/bin/../../lib/gcc/pic32c/8.3.1/../../../../pic32c/lib/thumb/v8-m.base/nofp\libc-musl.a(__putc.o)
 .debug_info    0x00012cb5      0x665 c:/program files/microchip/xc32/v4.21/bin/bin/../../lib/gcc/pic32c/8.3.1/../../../../pic32c/lib/thumb/v8-m.base/nofp\libc-musl.a(__stderr.o)
 .debug_info    0x0001331a      0x6c3 c:/program files/microchip/xc32/v4.21/bin/bin/../../lib/gcc/pic32c/8.3.1/../../../../pic32c/lib/thumb/v8-m.base/nofp\libc-musl.a(__stdio_close.o)
 .debug_info    0x000139dd      0x6f8 c:/program files/microchip/xc32/v4.21/bin/bin/../../lib/gcc/pic32c/8.3.1/../../../../pic32c/lib/thumb/v8-m.base/nofp\libc-musl.a(__stdio_write.o)
 .debug_info    0x000140d5      0x665 c:/program files/microchip/xc32/v4.21/bin/bin/../../lib/gcc/pic32c/8.3.1/../../../../pic32c/lib/thumb/v8-m.base/nofp\libc-musl.a(__stdout.o)
 .debug_info    0x0001473a      0x4f6 c:/program files/microchip/xc32/v4.21/bin/bin/../../lib/gcc/pic32c/8.3.1/../../../../pic32c/lib/thumb/v8-m.base/nofp\libc-musl.a(__towrite.o)
 .debug_info    0x00014c30      0x2fc c:/program files/microchip/xc32/v4.21/bin/bin/../../lib/gcc/pic32c/8.3.1/../../../../pic32c/lib/thumb/v8-m.base/nofp\libc-musl.a(atoi.o)
 .debug_info    0x00014f2c      0x2b6 c:/program files/microchip/xc32/v4.21/bin/bin/../../lib/gcc/pic32c/8.3.1/../../../../pic32c/lib/thumb/v8-m.base/nofp\libc-musl.a(memset.o)
 .debug_info    0x000151e2      0x36b c:/program files/microchip/xc32/v4.21/bin/bin/../../lib/gcc/pic32c/8.3.1/../../../../pic32c/lib/thumb/v8-m.base/nofp\libc-musl.a(writev.o)
 .debug_info    0x0001554d      0x35a c:/program files/microchip/xc32/v4.21/bin/bin/../../lib/gcc/pic32c/8.3.1/../../../../pic32c/lib/thumb/v8-m.base/nofp\libc-musl.a(tolower.o)
 .debug_info    0x000158a7      0x274 c:/program files/microchip/xc32/v4.21/bin/bin/../../lib/gcc/pic32c/8.3.1/../../../../pic32c/lib/thumb/v8-m.base/nofp\libc-musl.a(__errno_location.o)
 .debug_info    0x00015b1b      0x628 c:/program files/microchip/xc32/v4.21/bin/bin/../../lib/gcc/pic32c/8.3.1/../../../../pic32c/lib/thumb/v8-m.base/nofp\libc-musl.a(__overflow.o)
 .debug_info    0x00016143      0x8c8 c:/program files/microchip/xc32/v4.21/bin/bin/../../lib/gcc/pic32c/8.3.1/../../../../pic32c/lib/thumb/v8-m.base/nofp\libc-musl.a(__fmt_a.o)
 .debug_info    0x00016a0b      0x5c3 c:/program files/microchip/xc32/v4.21/bin/bin/../../lib/gcc/pic32c/8.3.1/../../../../pic32c/lib/thumb/v8-m.base/nofp\libc-musl.a(__fmt_d.o)
 .debug_info    0x00016fce      0x947 c:/program files/microchip/xc32/v4.21/bin/bin/../../lib/gcc/pic32c/8.3.1/../../../../pic32c/lib/thumb/v8-m.base/nofp\libc-musl.a(__fmt_fp.o)
 .debug_info    0x00017915      0x594 c:/program files/microchip/xc32/v4.21/bin/bin/../../lib/gcc/pic32c/8.3.1/../../../../pic32c/lib/thumb/v8-m.base/nofp\libc-musl.a(__fmt_o.o)
 .debug_info    0x00017ea9      0x57f c:/program files/microchip/xc32/v4.21/bin/bin/../../lib/gcc/pic32c/8.3.1/../../../../pic32c/lib/thumb/v8-m.base/nofp\libc-musl.a(__fmt_s.o)
 .debug_info    0x00018428      0x657 c:/program files/microchip/xc32/v4.21/bin/bin/../../lib/gcc/pic32c/8.3.1/../../../../pic32c/lib/thumb/v8-m.base/nofp\libc-musl.a(__fmt_u.o)
 .debug_info    0x00018a7f      0x5c8 c:/program files/microchip/xc32/v4.21/bin/bin/../../lib/gcc/pic32c/8.3.1/../../../../pic32c/lib/thumb/v8-m.base/nofp\libc-musl.a(__fmt_x.o)
 .debug_info    0x00019047      0x2a7 c:/program files/microchip/xc32/v4.21/bin/bin/../../lib/gcc/pic32c/8.3.1/../../../../pic32c/lib/thumb/v8-m.base/nofp\libc-musl.a(strlen.o)
 .debug_info    0x000192ee      0x2b5 c:/program files/microchip/xc32/v4.21/bin/bin/../../lib/gcc/pic32c/8.3.1/../../../../pic32c/lib/thumb/v8-m.base/nofp\libc-musl.a(strcpy.o)
 .debug_info    0x000195a3      0x35a c:/program files/microchip/xc32/v4.21/bin/bin/../../lib/gcc/pic32c/8.3.1/../../../../pic32c/lib/thumb/v8-m.base/nofp\libc-musl.a(toupper.o)
 .debug_info    0x000198fd      0x2b9 c:/program files/microchip/xc32/v4.21/bin/bin/../../lib/gcc/pic32c/8.3.1/../../../../pic32c/lib/thumb/v8-m.base/nofp\libc-musl.a(stpcpy.o)
 .debug_info    0x00019bb6       0x26 c:/program files/microchip/xc32/v4.21/bin/bin/../../lib/gcc/pic32c/8.3.1/thumb/v8-m.base/nofp\libgcc.a(_lshrdi3.o)
 .debug_info    0x00019bdc       0x26 c:/program files/microchip/xc32/v4.21/bin/bin/../../lib/gcc/pic32c/8.3.1/thumb/v8-m.base/nofp\libgcc.a(_ashldi3.o)
 .debug_info    0x00019c02       0x26 c:/program files/microchip/xc32/v4.21/bin/bin/../../lib/gcc/pic32c/8.3.1/thumb/v8-m.base/nofp\libgcc.a(_aeabi_uldivmod.o)
 .debug_info    0x00019c28      0x8b5 c:/program files/microchip/xc32/v4.21/bin/bin/../../lib/gcc/pic32c/8.3.1/thumb/v8-m.base/nofp\libgcc.a(_udivmoddi4.o)
 .debug_info    0x0001a4dd       0x26 c:/program files/microchip/xc32/v4.21/bin/bin/../../lib/gcc/pic32c/8.3.1/thumb/v8-m.base/nofp\libgcc.a(_dvmd_tls.o)
 .debug_info    0x0001a503       0x26 c:/program files/microchip/xc32/v4.21/bin/bin/../../lib/gcc/pic32c/8.3.1/thumb/v8-m.base/nofp\libgcc.a(_clzsi2.o)
 .debug_info    0x0001a529      0x281 c:/program files/microchip/xc32/v4.21/bin/bin/../../lib/gcc/pic32c/8.3.1/../../../../pic32c/lib/thumb/v8-m.base/nofp\libpic32c.a(close.o)
 .debug_info    0x0001a7aa      0x281 c:/program files/microchip/xc32/v4.21/bin/bin/../../lib/gcc/pic32c/8.3.1/../../../../pic32c/lib/thumb/v8-m.base/nofp\libpic32c.a(lseek.o)
 .debug_info    0x0001aa2b      0x280 c:/program files/microchip/xc32/v4.21/bin/bin/../../lib/gcc/pic32c/8.3.1/../../../../pic32c/lib/thumb/v8-m.base/nofp\libpic32c.a(sbrk.o)

.debug_abbrev   0x00000000     0x4b6a
 .debug_abbrev  0x00000000      0x203 build/sam_l10_xpro/production/_ext/1184338560/plib_adc.o
 .debug_abbrev  0x00000203      0x104 build/sam_l10_xpro/production/_ext/14877202/plib_clock.o
 .debug_abbrev  0x00000307       0xe2 build/sam_l10_xpro/production/_ext/1184341350/plib_dac.o
 .debug_abbrev  0x000003e9      0x139 build/sam_l10_xpro/production/_ext/12727716/plib_evsys.o
 .debug_abbrev  0x00000522      0x1ec build/sam_l10_xpro/production/_ext/1939805438/plib_nvic.o
 .debug_abbrev  0x0000070e      0x1d8 build/sam_l10_xpro/production/_ext/44973424/plib_nvmctrl.o
 .debug_abbrev  0x000008e6       0xfb build/sam_l10_xpro/production/_ext/592394269/plib_pm.o
 .debug_abbrev  0x000009e1      0x1c7 build/sam_l10_xpro/production/_ext/1939752287/plib_port.o
 .debug_abbrev  0x00000ba8      0x19a build/sam_l10_xpro/production/_ext/1184355393/plib_rtc_timer.o
 .debug_abbrev  0x00000d42      0x2b2 build/sam_l10_xpro/production/_ext/399502665/plib_sercom0_usart.o
 .debug_abbrev  0x00000ff4      0x1e6 build/sam_l10_xpro/production/_ext/592394383/plib_tc0.o
 .debug_abbrev  0x000011da       0xb9 build/sam_l10_xpro/production/_ext/1911983158/xc32_monitor.o
 .debug_abbrev  0x00001293      0x16f build/sam_l10_xpro/production/_ext/13305212/initialization.o
 .debug_abbrev  0x00001402       0xb5 build/sam_l10_xpro/production/_ext/13305212/interrupts.o
 .debug_abbrev  0x000014b7       0x3e build/sam_l10_xpro/production/_ext/13305212/exceptions.o
 .debug_abbrev  0x000014f5      0x110 build/sam_l10_xpro/production/_ext/13305212/startup_xc32.o
 .debug_abbrev  0x00001605      0x125 build/sam_l10_xpro/production/_ext/1360937237/main.o
 .debug_abbrev  0x0000172a       0x2e c:/program files/microchip/xc32/v4.21/bin/bin/../../lib/gcc/pic32c/8.3.1/../../../../pic32c/lib/thumb/v8-m.base/nofp\libpic32c.a(data_init_wrapper.o)
 .debug_abbrev  0x00001758       0x2e c:/program files/microchip/xc32/v4.21/bin/bin/../../lib/gcc/pic32c/8.3.1/../../../../pic32c/lib/thumb/v8-m.base/nofp\libpic32c.a(data_init_0_1.o)
 .debug_abbrev  0x00001786      0x117 c:/program files/microchip/xc32/v4.21/bin/bin/../../lib/gcc/pic32c/8.3.1/../../../../pic32c/lib/thumb/v8-m.base/nofp\libc-musl.a(__libc_start_main.o)
 .debug_abbrev  0x0000189d       0xb8 c:/program files/microchip/xc32/v4.21/bin/bin/../../lib/gcc/pic32c/8.3.1/../../../../pic32c/lib/thumb/v8-m.base/nofp\libc-musl.a(libc.o)
 .debug_abbrev  0x00001955      0x175 c:/program files/microchip/xc32/v4.21/bin/bin/../../lib/gcc/pic32c/8.3.1/../../../../pic32c/lib/thumb/v8-m.base/nofp\libc-musl.a(stdin.o)
 .debug_abbrev  0x00001aca      0x118 c:/program files/microchip/xc32/v4.21/bin/bin/../../lib/gcc/pic32c/8.3.1/../../../../pic32c/lib/thumb/v8-m.base/nofp\libc-musl.a(stdout.o)
 .debug_abbrev  0x00001be2      0x112 c:/program files/microchip/xc32/v4.21/bin/bin/../../lib/gcc/pic32c/8.3.1/../../../../pic32c/lib/thumb/v8-m.base/nofp\libc-musl.a(printf.o)
 .debug_abbrev  0x00001cf4       0xb9 c:/program files/microchip/xc32/v4.21/bin/bin/../../lib/gcc/pic32c/8.3.1/../../../../pic32c/lib/thumb/v8-m.base/nofp\libc-musl.a(putchar.o)
 .debug_abbrev  0x00001dad       0x9d c:/program files/microchip/xc32/v4.21/bin/bin/../../lib/gcc/pic32c/8.3.1/../../../../pic32c/lib/thumb/v8-m.base/nofp\libc-musl.a(setbuf.o)
 .debug_abbrev  0x00001e4a       0x9c c:/program files/microchip/xc32/v4.21/bin/bin/../../lib/gcc/pic32c/8.3.1/../../../../pic32c/lib/thumb/v8-m.base/nofp\libc-musl.a(memcpy.o)
 .debug_abbrev  0x00001ee6       0x57 c:/program files/microchip/xc32/v4.21/bin/bin/../../lib/gcc/pic32c/8.3.1/../../../../pic32c/lib/thumb/v8-m.base/nofp\libc-musl.a(__environ.o)
 .debug_abbrev  0x00001f3d      0x150 c:/program files/microchip/xc32/v4.21/bin/bin/../../lib/gcc/pic32c/8.3.1/../../../../pic32c/lib/thumb/v8-m.base/nofp\libc-musl.a(__stdio_read.o)
 .debug_abbrev  0x0000208d       0xdc c:/program files/microchip/xc32/v4.21/bin/bin/../../lib/gcc/pic32c/8.3.1/../../../../pic32c/lib/thumb/v8-m.base/nofp\libc-musl.a(__towrite_rw.o)
 .debug_abbrev  0x00002169      0x106 c:/program files/microchip/xc32/v4.21/bin/bin/../../lib/gcc/pic32c/8.3.1/../../../../pic32c/lib/thumb/v8-m.base/nofp\libc-musl.a(putc.o)
 .debug_abbrev  0x0000226f      0x119 c:/program files/microchip/xc32/v4.21/bin/bin/../../lib/gcc/pic32c/8.3.1/../../../../pic32c/lib/thumb/v8-m.base/nofp\libc-musl.a(setvbuf.o)
 .debug_abbrev  0x00002388      0x16f c:/program files/microchip/xc32/v4.21/bin/bin/../../lib/gcc/pic32c/8.3.1/../../../../pic32c/lib/thumb/v8-m.base/nofp\libc-musl.a(vfprintf.o)
 .debug_abbrev  0x000024f7       0xd8 c:/program files/microchip/xc32/v4.21/bin/bin/../../lib/gcc/pic32c/8.3.1/../../../../pic32c/lib/thumb/v8-m.base/nofp\libc-musl.a(readv.o)
 .debug_abbrev  0x000025cf      0x3fa c:/program files/microchip/xc32/v4.21/bin/bin/../../lib/gcc/pic32c/8.3.1/../../../../pic32c/lib/thumb/v8-m.base/nofp\libc-musl.a(malloc.o)
 .debug_abbrev  0x000029c9       0xa5 c:/program files/microchip/xc32/v4.21/bin/bin/../../lib/gcc/pic32c/8.3.1/../../../../pic32c/lib/thumb/v8-m.base/nofp\libc-musl.a(expand_heap.o)
 .debug_abbrev  0x00002a6e      0x119 c:/program files/microchip/xc32/v4.21/bin/bin/../../lib/gcc/pic32c/8.3.1/../../../../pic32c/lib/thumb/v8-m.base/nofp\libc-musl.a(__fwrite.o)
 .debug_abbrev  0x00002b87       0x5a c:/program files/microchip/xc32/v4.21/bin/bin/../../lib/gcc/pic32c/8.3.1/../../../../pic32c/lib/thumb/v8-m.base/nofp\libc-musl.a(__init_stdio.o)
 .debug_abbrev  0x00002be1      0x15b c:/program files/microchip/xc32/v4.21/bin/bin/../../lib/gcc/pic32c/8.3.1/../../../../pic32c/lib/thumb/v8-m.base/nofp\libc-musl.a(__out.o)
 .debug_abbrev  0x00002d3c       0xbd c:/program files/microchip/xc32/v4.21/bin/bin/../../lib/gcc/pic32c/8.3.1/../../../../pic32c/lib/thumb/v8-m.base/nofp\libc-musl.a(__pop_float.o)
 .debug_abbrev  0x00002df9       0xbd c:/program files/microchip/xc32/v4.21/bin/bin/../../lib/gcc/pic32c/8.3.1/../../../../pic32c/lib/thumb/v8-m.base/nofp\libc-musl.a(__pop_int.o)
 .debug_abbrev  0x00002eb6       0xbd c:/program files/microchip/xc32/v4.21/bin/bin/../../lib/gcc/pic32c/8.3.1/../../../../pic32c/lib/thumb/v8-m.base/nofp\libc-musl.a(__pop_ptr.o)
 .debug_abbrev  0x00002f73      0x2be c:/program files/microchip/xc32/v4.21/bin/bin/../../lib/gcc/pic32c/8.3.1/../../../../pic32c/lib/thumb/v8-m.base/nofp\libc-musl.a(__printf_core.o)
 .debug_abbrev  0x00003231       0xed c:/program files/microchip/xc32/v4.21/bin/bin/../../lib/gcc/pic32c/8.3.1/../../../../pic32c/lib/thumb/v8-m.base/nofp\libc-musl.a(__putc.o)
 .debug_abbrev  0x0000331e      0x151 c:/program files/microchip/xc32/v4.21/bin/bin/../../lib/gcc/pic32c/8.3.1/../../../../pic32c/lib/thumb/v8-m.base/nofp\libc-musl.a(__stderr.o)
 .debug_abbrev  0x0000346f      0x11f c:/program files/microchip/xc32/v4.21/bin/bin/../../lib/gcc/pic32c/8.3.1/../../../../pic32c/lib/thumb/v8-m.base/nofp\libc-musl.a(__stdio_close.o)
 .debug_abbrev  0x0000358e      0x1a1 c:/program files/microchip/xc32/v4.21/bin/bin/../../lib/gcc/pic32c/8.3.1/../../../../pic32c/lib/thumb/v8-m.base/nofp\libc-musl.a(__stdio_write.o)
 .debug_abbrev  0x0000372f      0x151 c:/program files/microchip/xc32/v4.21/bin/bin/../../lib/gcc/pic32c/8.3.1/../../../../pic32c/lib/thumb/v8-m.base/nofp\libc-musl.a(__stdout.o)
 .debug_abbrev  0x00003880       0xf8 c:/program files/microchip/xc32/v4.21/bin/bin/../../lib/gcc/pic32c/8.3.1/../../../../pic32c/lib/thumb/v8-m.base/nofp\libc-musl.a(__towrite.o)
 .debug_abbrev  0x00003978       0xbb c:/program files/microchip/xc32/v4.21/bin/bin/../../lib/gcc/pic32c/8.3.1/../../../../pic32c/lib/thumb/v8-m.base/nofp\libc-musl.a(atoi.o)
 .debug_abbrev  0x00003a33       0x97 c:/program files/microchip/xc32/v4.21/bin/bin/../../lib/gcc/pic32c/8.3.1/../../../../pic32c/lib/thumb/v8-m.base/nofp\libc-musl.a(memset.o)
 .debug_abbrev  0x00003aca       0xd8 c:/program files/microchip/xc32/v4.21/bin/bin/../../lib/gcc/pic32c/8.3.1/../../../../pic32c/lib/thumb/v8-m.base/nofp\libc-musl.a(writev.o)
 .debug_abbrev  0x00003ba2       0xe9 c:/program files/microchip/xc32/v4.21/bin/bin/../../lib/gcc/pic32c/8.3.1/../../../../pic32c/lib/thumb/v8-m.base/nofp\libc-musl.a(tolower.o)
 .debug_abbrev  0x00003c8b       0x2e c:/program files/microchip/xc32/v4.21/bin/bin/../../lib/gcc/pic32c/8.3.1/../../../../pic32c/lib/thumb/v8-m.base/nofp\libc-musl.a(__errno_location.o)
 .debug_abbrev  0x00003cb9      0x125 c:/program files/microchip/xc32/v4.21/bin/bin/../../lib/gcc/pic32c/8.3.1/../../../../pic32c/lib/thumb/v8-m.base/nofp\libc-musl.a(__overflow.o)
 .debug_abbrev  0x00003dde      0x194 c:/program files/microchip/xc32/v4.21/bin/bin/../../lib/gcc/pic32c/8.3.1/../../../../pic32c/lib/thumb/v8-m.base/nofp\libc-musl.a(__fmt_a.o)
 .debug_abbrev  0x00003f72      0x120 c:/program files/microchip/xc32/v4.21/bin/bin/../../lib/gcc/pic32c/8.3.1/../../../../pic32c/lib/thumb/v8-m.base/nofp\libc-musl.a(__fmt_d.o)
 .debug_abbrev  0x00004092      0x1a2 c:/program files/microchip/xc32/v4.21/bin/bin/../../lib/gcc/pic32c/8.3.1/../../../../pic32c/lib/thumb/v8-m.base/nofp\libc-musl.a(__fmt_fp.o)
 .debug_abbrev  0x00004234      0x120 c:/program files/microchip/xc32/v4.21/bin/bin/../../lib/gcc/pic32c/8.3.1/../../../../pic32c/lib/thumb/v8-m.base/nofp\libc-musl.a(__fmt_o.o)
 .debug_abbrev  0x00004354      0x11d c:/program files/microchip/xc32/v4.21/bin/bin/../../lib/gcc/pic32c/8.3.1/../../../../pic32c/lib/thumb/v8-m.base/nofp\libc-musl.a(__fmt_s.o)
 .debug_abbrev  0x00004471      0x174 c:/program files/microchip/xc32/v4.21/bin/bin/../../lib/gcc/pic32c/8.3.1/../../../../pic32c/lib/thumb/v8-m.base/nofp\libc-musl.a(__fmt_u.o)
 .debug_abbrev  0x000045e5      0x10f c:/program files/microchip/xc32/v4.21/bin/bin/../../lib/gcc/pic32c/8.3.1/../../../../pic32c/lib/thumb/v8-m.base/nofp\libc-musl.a(__fmt_x.o)
 .debug_abbrev  0x000046f4       0x86 c:/program files/microchip/xc32/v4.21/bin/bin/../../lib/gcc/pic32c/8.3.1/../../../../pic32c/lib/thumb/v8-m.base/nofp\libc-musl.a(strlen.o)
 .debug_abbrev  0x0000477a       0x8e c:/program files/microchip/xc32/v4.21/bin/bin/../../lib/gcc/pic32c/8.3.1/../../../../pic32c/lib/thumb/v8-m.base/nofp\libc-musl.a(strcpy.o)
 .debug_abbrev  0x00004808       0xe9 c:/program files/microchip/xc32/v4.21/bin/bin/../../lib/gcc/pic32c/8.3.1/../../../../pic32c/lib/thumb/v8-m.base/nofp\libc-musl.a(toupper.o)
 .debug_abbrev  0x000048f1       0x63 c:/program files/microchip/xc32/v4.21/bin/bin/../../lib/gcc/pic32c/8.3.1/../../../../pic32c/lib/thumb/v8-m.base/nofp\libc-musl.a(stpcpy.o)
 .debug_abbrev  0x00004954       0x14 c:/program files/microchip/xc32/v4.21/bin/bin/../../lib/gcc/pic32c/8.3.1/thumb/v8-m.base/nofp\libgcc.a(_lshrdi3.o)
 .debug_abbrev  0x00004968       0x14 c:/program files/microchip/xc32/v4.21/bin/bin/../../lib/gcc/pic32c/8.3.1/thumb/v8-m.base/nofp\libgcc.a(_ashldi3.o)
 .debug_abbrev  0x0000497c       0x14 c:/program files/microchip/xc32/v4.21/bin/bin/../../lib/gcc/pic32c/8.3.1/thumb/v8-m.base/nofp\libgcc.a(_aeabi_uldivmod.o)
 .debug_abbrev  0x00004990      0x128 c:/program files/microchip/xc32/v4.21/bin/bin/../../lib/gcc/pic32c/8.3.1/thumb/v8-m.base/nofp\libgcc.a(_udivmoddi4.o)
 .debug_abbrev  0x00004ab8       0x14 c:/program files/microchip/xc32/v4.21/bin/bin/../../lib/gcc/pic32c/8.3.1/thumb/v8-m.base/nofp\libgcc.a(_dvmd_tls.o)
 .debug_abbrev  0x00004acc       0x14 c:/program files/microchip/xc32/v4.21/bin/bin/../../lib/gcc/pic32c/8.3.1/thumb/v8-m.base/nofp\libgcc.a(_clzsi2.o)
 .debug_abbrev  0x00004ae0       0x2e c:/program files/microchip/xc32/v4.21/bin/bin/../../lib/gcc/pic32c/8.3.1/../../../../pic32c/lib/thumb/v8-m.base/nofp\libpic32c.a(close.o)
 .debug_abbrev  0x00004b0e       0x2e c:/program files/microchip/xc32/v4.21/bin/bin/../../lib/gcc/pic32c/8.3.1/../../../../pic32c/lib/thumb/v8-m.base/nofp\libpic32c.a(lseek.o)
 .debug_abbrev  0x00004b3c       0x2e c:/program files/microchip/xc32/v4.21/bin/bin/../../lib/gcc/pic32c/8.3.1/../../../../pic32c/lib/thumb/v8-m.base/nofp\libpic32c.a(sbrk.o)

.debug_loc      0x00000000     0x7b91
 .debug_loc     0x00000000      0x153 build/sam_l10_xpro/production/_ext/1184338560/plib_adc.o
 .debug_loc     0x00000153       0xb9 build/sam_l10_xpro/production/_ext/12727716/plib_evsys.o
 .debug_loc     0x0000020c      0x118 build/sam_l10_xpro/production/_ext/1939805438/plib_nvic.o
 .debug_loc     0x00000324      0x628 build/sam_l10_xpro/production/_ext/44973424/plib_nvmctrl.o
 .debug_loc     0x0000094c       0x63 build/sam_l10_xpro/production/_ext/592394269/plib_pm.o
 .debug_loc     0x000009af      0x226 build/sam_l10_xpro/production/_ext/1939752287/plib_port.o
 .debug_loc     0x00000bd5       0x6a build/sam_l10_xpro/production/_ext/1184355393/plib_rtc_timer.o
 .debug_loc     0x00000c3f      0x636 build/sam_l10_xpro/production/_ext/399502665/plib_sercom0_usart.o
 .debug_loc     0x00001275       0x5a build/sam_l10_xpro/production/_ext/592394383/plib_tc0.o
 .debug_loc     0x000012cf      0x1af build/sam_l10_xpro/production/_ext/1911983158/xc32_monitor.o
 .debug_loc     0x0000147e       0x45 build/sam_l10_xpro/production/_ext/13305212/initialization.o
 .debug_loc     0x000014c3       0x20 build/sam_l10_xpro/production/_ext/13305212/startup_xc32.o
 .debug_loc     0x000014e3       0x8a build/sam_l10_xpro/production/_ext/1360937237/main.o
 .debug_loc     0x0000156d       0x14 c:/program files/microchip/xc32/v4.21/bin/bin/../../lib/gcc/pic32c/8.3.1/../../../../pic32c/lib/thumb/v8-m.base/nofp\libpic32c.a(data_init_wrapper.o)
 .debug_loc     0x00001581       0x14 c:/program files/microchip/xc32/v4.21/bin/bin/../../lib/gcc/pic32c/8.3.1/../../../../pic32c/lib/thumb/v8-m.base/nofp\libpic32c.a(data_init_0_1.o)
 .debug_loc     0x00001595       0x5e c:/program files/microchip/xc32/v4.21/bin/bin/../../lib/gcc/pic32c/8.3.1/../../../../pic32c/lib/thumb/v8-m.base/nofp\libc-musl.a(__libc_start_main.o)
 .debug_loc     0x000015f3       0x45 c:/program files/microchip/xc32/v4.21/bin/bin/../../lib/gcc/pic32c/8.3.1/../../../../pic32c/lib/thumb/v8-m.base/nofp\libc-musl.a(stdin.o)
 .debug_loc     0x00001638       0x40 c:/program files/microchip/xc32/v4.21/bin/bin/../../lib/gcc/pic32c/8.3.1/../../../../pic32c/lib/thumb/v8-m.base/nofp\libc-musl.a(stdout.o)
 .debug_loc     0x00001678       0x41 c:/program files/microchip/xc32/v4.21/bin/bin/../../lib/gcc/pic32c/8.3.1/../../../../pic32c/lib/thumb/v8-m.base/nofp\libc-musl.a(printf.o)
 .debug_loc     0x000016b9       0x45 c:/program files/microchip/xc32/v4.21/bin/bin/../../lib/gcc/pic32c/8.3.1/../../../../pic32c/lib/thumb/v8-m.base/nofp\libc-musl.a(putchar.o)
 .debug_loc     0x000016fe       0x6a c:/program files/microchip/xc32/v4.21/bin/bin/../../lib/gcc/pic32c/8.3.1/../../../../pic32c/lib/thumb/v8-m.base/nofp\libc-musl.a(setbuf.o)
 .debug_loc     0x00001768      0x109 c:/program files/microchip/xc32/v4.21/bin/bin/../../lib/gcc/pic32c/8.3.1/../../../../pic32c/lib/thumb/v8-m.base/nofp\libc-musl.a(memcpy.o)
 .debug_loc     0x00001871      0x107 c:/program files/microchip/xc32/v4.21/bin/bin/../../lib/gcc/pic32c/8.3.1/../../../../pic32c/lib/thumb/v8-m.base/nofp\libc-musl.a(__stdio_read.o)
 .debug_loc     0x00001978       0x42 c:/program files/microchip/xc32/v4.21/bin/bin/../../lib/gcc/pic32c/8.3.1/../../../../pic32c/lib/thumb/v8-m.base/nofp\libc-musl.a(__towrite_rw.o)
 .debug_loc     0x000019ba      0x13b c:/program files/microchip/xc32/v4.21/bin/bin/../../lib/gcc/pic32c/8.3.1/../../../../pic32c/lib/thumb/v8-m.base/nofp\libc-musl.a(putc.o)
 .debug_loc     0x00001af5       0xf8 c:/program files/microchip/xc32/v4.21/bin/bin/../../lib/gcc/pic32c/8.3.1/../../../../pic32c/lib/thumb/v8-m.base/nofp\libc-musl.a(setvbuf.o)
 .debug_loc     0x00001bed       0xd0 c:/program files/microchip/xc32/v4.21/bin/bin/../../lib/gcc/pic32c/8.3.1/../../../../pic32c/lib/thumb/v8-m.base/nofp\libc-musl.a(vfprintf.o)
 .debug_loc     0x00001cbd      0x130 c:/program files/microchip/xc32/v4.21/bin/bin/../../lib/gcc/pic32c/8.3.1/../../../../pic32c/lib/thumb/v8-m.base/nofp\libc-musl.a(readv.o)
 .debug_loc     0x00001ded      0xd36 c:/program files/microchip/xc32/v4.21/bin/bin/../../lib/gcc/pic32c/8.3.1/../../../../pic32c/lib/thumb/v8-m.base/nofp\libc-musl.a(malloc.o)
 .debug_loc     0x00002b23       0x7c c:/program files/microchip/xc32/v4.21/bin/bin/../../lib/gcc/pic32c/8.3.1/../../../../pic32c/lib/thumb/v8-m.base/nofp\libc-musl.a(expand_heap.o)
 .debug_loc     0x00002b9f      0x106 c:/program files/microchip/xc32/v4.21/bin/bin/../../lib/gcc/pic32c/8.3.1/../../../../pic32c/lib/thumb/v8-m.base/nofp\libc-musl.a(__fwrite.o)
 .debug_loc     0x00002ca5       0x20 c:/program files/microchip/xc32/v4.21/bin/bin/../../lib/gcc/pic32c/8.3.1/../../../../pic32c/lib/thumb/v8-m.base/nofp\libc-musl.a(__init_stdio.o)
 .debug_loc     0x00002cc5      0x1e6 c:/program files/microchip/xc32/v4.21/bin/bin/../../lib/gcc/pic32c/8.3.1/../../../../pic32c/lib/thumb/v8-m.base/nofp\libc-musl.a(__out.o)
 .debug_loc     0x00002eab       0x6f c:/program files/microchip/xc32/v4.21/bin/bin/../../lib/gcc/pic32c/8.3.1/../../../../pic32c/lib/thumb/v8-m.base/nofp\libc-musl.a(__pop_float.o)
 .debug_loc     0x00002f1a      0x34c c:/program files/microchip/xc32/v4.21/bin/bin/../../lib/gcc/pic32c/8.3.1/../../../../pic32c/lib/thumb/v8-m.base/nofp\libc-musl.a(__pop_int.o)
 .debug_loc     0x00003266      0x1fe c:/program files/microchip/xc32/v4.21/bin/bin/../../lib/gcc/pic32c/8.3.1/../../../../pic32c/lib/thumb/v8-m.base/nofp\libc-musl.a(__pop_ptr.o)
 .debug_loc     0x00003464      0x6ae c:/program files/microchip/xc32/v4.21/bin/bin/../../lib/gcc/pic32c/8.3.1/../../../../pic32c/lib/thumb/v8-m.base/nofp\libc-musl.a(__printf_core.o)
 .debug_loc     0x00003b12       0xbe c:/program files/microchip/xc32/v4.21/bin/bin/../../lib/gcc/pic32c/8.3.1/../../../../pic32c/lib/thumb/v8-m.base/nofp\libc-musl.a(__putc.o)
 .debug_loc     0x00003bd0       0x45 c:/program files/microchip/xc32/v4.21/bin/bin/../../lib/gcc/pic32c/8.3.1/../../../../pic32c/lib/thumb/v8-m.base/nofp\libc-musl.a(__stderr.o)
 .debug_loc     0x00003c15      0x1d8 c:/program files/microchip/xc32/v4.21/bin/bin/../../lib/gcc/pic32c/8.3.1/../../../../pic32c/lib/thumb/v8-m.base/nofp\libc-musl.a(__stdio_close.o)
 .debug_loc     0x00003ded      0x364 c:/program files/microchip/xc32/v4.21/bin/bin/../../lib/gcc/pic32c/8.3.1/../../../../pic32c/lib/thumb/v8-m.base/nofp\libc-musl.a(__stdio_write.o)
 .debug_loc     0x00004151       0x45 c:/program files/microchip/xc32/v4.21/bin/bin/../../lib/gcc/pic32c/8.3.1/../../../../pic32c/lib/thumb/v8-m.base/nofp\libc-musl.a(__stdout.o)
 .debug_loc     0x00004196       0x8c c:/program files/microchip/xc32/v4.21/bin/bin/../../lib/gcc/pic32c/8.3.1/../../../../pic32c/lib/thumb/v8-m.base/nofp\libc-musl.a(__towrite.o)
 .debug_loc     0x00004222       0xdc c:/program files/microchip/xc32/v4.21/bin/bin/../../lib/gcc/pic32c/8.3.1/../../../../pic32c/lib/thumb/v8-m.base/nofp\libc-musl.a(atoi.o)
 .debug_loc     0x000042fe       0x80 c:/program files/microchip/xc32/v4.21/bin/bin/../../lib/gcc/pic32c/8.3.1/../../../../pic32c/lib/thumb/v8-m.base/nofp\libc-musl.a(memset.o)
 .debug_loc     0x0000437e      0x130 c:/program files/microchip/xc32/v4.21/bin/bin/../../lib/gcc/pic32c/8.3.1/../../../../pic32c/lib/thumb/v8-m.base/nofp\libc-musl.a(writev.o)
 .debug_loc     0x000044ae       0x8f c:/program files/microchip/xc32/v4.21/bin/bin/../../lib/gcc/pic32c/8.3.1/../../../../pic32c/lib/thumb/v8-m.base/nofp\libc-musl.a(tolower.o)
 .debug_loc     0x0000453d       0xbb c:/program files/microchip/xc32/v4.21/bin/bin/../../lib/gcc/pic32c/8.3.1/../../../../pic32c/lib/thumb/v8-m.base/nofp\libc-musl.a(__overflow.o)
 .debug_loc     0x000045f8      0xd53 c:/program files/microchip/xc32/v4.21/bin/bin/../../lib/gcc/pic32c/8.3.1/../../../../pic32c/lib/thumb/v8-m.base/nofp\libc-musl.a(__fmt_a.o)
 .debug_loc     0x0000534b      0x2a6 c:/program files/microchip/xc32/v4.21/bin/bin/../../lib/gcc/pic32c/8.3.1/../../../../pic32c/lib/thumb/v8-m.base/nofp\libc-musl.a(__fmt_d.o)
 .debug_loc     0x000055f1      0xc96 c:/program files/microchip/xc32/v4.21/bin/bin/../../lib/gcc/pic32c/8.3.1/../../../../pic32c/lib/thumb/v8-m.base/nofp\libc-musl.a(__fmt_fp.o)
 .debug_loc     0x00006287      0x12d c:/program files/microchip/xc32/v4.21/bin/bin/../../lib/gcc/pic32c/8.3.1/../../../../pic32c/lib/thumb/v8-m.base/nofp\libc-musl.a(__fmt_o.o)
 .debug_loc     0x000063b4      0x144 c:/program files/microchip/xc32/v4.21/bin/bin/../../lib/gcc/pic32c/8.3.1/../../../../pic32c/lib/thumb/v8-m.base/nofp\libc-musl.a(__fmt_s.o)
 .debug_loc     0x000064f8      0x2e3 c:/program files/microchip/xc32/v4.21/bin/bin/../../lib/gcc/pic32c/8.3.1/../../../../pic32c/lib/thumb/v8-m.base/nofp\libc-musl.a(__fmt_u.o)
 .debug_loc     0x000067db      0x3be c:/program files/microchip/xc32/v4.21/bin/bin/../../lib/gcc/pic32c/8.3.1/../../../../pic32c/lib/thumb/v8-m.base/nofp\libc-musl.a(__fmt_x.o)
 .debug_loc     0x00006b99       0x54 c:/program files/microchip/xc32/v4.21/bin/bin/../../lib/gcc/pic32c/8.3.1/../../../../pic32c/lib/thumb/v8-m.base/nofp\libc-musl.a(strlen.o)
 .debug_loc     0x00006bed       0x74 c:/program files/microchip/xc32/v4.21/bin/bin/../../lib/gcc/pic32c/8.3.1/../../../../pic32c/lib/thumb/v8-m.base/nofp\libc-musl.a(strcpy.o)
 .debug_loc     0x00006c61       0x8f c:/program files/microchip/xc32/v4.21/bin/bin/../../lib/gcc/pic32c/8.3.1/../../../../pic32c/lib/thumb/v8-m.base/nofp\libc-musl.a(toupper.o)
 .debug_loc     0x00006cf0       0x90 c:/program files/microchip/xc32/v4.21/bin/bin/../../lib/gcc/pic32c/8.3.1/../../../../pic32c/lib/thumb/v8-m.base/nofp\libc-musl.a(stpcpy.o)
 .debug_loc     0x00006d80      0xe11 c:/program files/microchip/xc32/v4.21/bin/bin/../../lib/gcc/pic32c/8.3.1/thumb/v8-m.base/nofp\libgcc.a(_udivmoddi4.o)

.debug_aranges  0x00000000      0xd88
 .debug_aranges
                0x00000000       0x90 build/sam_l10_xpro/production/_ext/1184338560/plib_adc.o
 .debug_aranges
                0x00000090       0x20 build/sam_l10_xpro/production/_ext/14877202/plib_clock.o
 .debug_aranges
                0x000000b0       0x30 build/sam_l10_xpro/production/_ext/1184341350/plib_dac.o
 .debug_aranges
                0x000000e0       0x40 build/sam_l10_xpro/production/_ext/12727716/plib_evsys.o
 .debug_aranges
                0x00000120       0x38 build/sam_l10_xpro/production/_ext/1939805438/plib_nvic.o
 .debug_aranges
                0x00000158       0xa0 build/sam_l10_xpro/production/_ext/44973424/plib_nvmctrl.o
 .debug_aranges
                0x000001f8       0x40 build/sam_l10_xpro/production/_ext/592394269/plib_pm.o
 .debug_aranges
                0x00000238       0x70 build/sam_l10_xpro/production/_ext/1939752287/plib_port.o
 .debug_aranges
                0x000002a8       0xa8 build/sam_l10_xpro/production/_ext/1184355393/plib_rtc_timer.o
 .debug_aranges
                0x00000350       0x98 build/sam_l10_xpro/production/_ext/399502665/plib_sercom0_usart.o
 .debug_aranges
                0x000003e8       0x70 build/sam_l10_xpro/production/_ext/592394383/plib_tc0.o
 .debug_aranges
                0x00000458       0x28 build/sam_l10_xpro/production/_ext/1911983158/xc32_monitor.o
 .debug_aranges
                0x00000480       0x20 build/sam_l10_xpro/production/_ext/13305212/initialization.o
 .debug_aranges
                0x000004a0       0x20 build/sam_l10_xpro/production/_ext/13305212/interrupts.o
 .debug_aranges
                0x000004c0       0x28 build/sam_l10_xpro/production/_ext/13305212/exceptions.o
 .debug_aranges
                0x000004e8       0x28 build/sam_l10_xpro/production/_ext/13305212/startup_xc32.o
 .debug_aranges
                0x00000510       0x28 build/sam_l10_xpro/production/_ext/1360937237/main.o
 .debug_aranges
                0x00000538       0x20 c:/program files/microchip/xc32/v4.21/bin/bin/../../lib/gcc/pic32c/8.3.1/../../../../pic32c/lib/thumb/v8-m.base/nofp\libpic32c.a(data_init_wrapper.o)
 .debug_aranges
                0x00000558       0x20 c:/program files/microchip/xc32/v4.21/bin/bin/../../lib/gcc/pic32c/8.3.1/../../../../pic32c/lib/thumb/v8-m.base/nofp\libpic32c.a(data_init_0_1.o)
 .debug_aranges
                0x00000578       0x28 c:/program files/microchip/xc32/v4.21/bin/bin/../../lib/gcc/pic32c/8.3.1/../../../../pic32c/lib/thumb/v8-m.base/nofp\libc-musl.a(__libc_start_main.o)
 .debug_aranges
                0x000005a0       0x18 c:/program files/microchip/xc32/v4.21/bin/bin/../../lib/gcc/pic32c/8.3.1/../../../../pic32c/lib/thumb/v8-m.base/nofp\libc-musl.a(libc.o)
 .debug_aranges
                0x000005b8       0x28 c:/program files/microchip/xc32/v4.21/bin/bin/../../lib/gcc/pic32c/8.3.1/../../../../pic32c/lib/thumb/v8-m.base/nofp\libc-musl.a(stdin.o)
 .debug_aranges
                0x000005e0       0x30 c:/program files/microchip/xc32/v4.21/bin/bin/../../lib/gcc/pic32c/8.3.1/../../../../pic32c/lib/thumb/v8-m.base/nofp\libc-musl.a(stdout.o)
 .debug_aranges
                0x00000610       0x20 c:/program files/microchip/xc32/v4.21/bin/bin/../../lib/gcc/pic32c/8.3.1/../../../../pic32c/lib/thumb/v8-m.base/nofp\libc-musl.a(printf.o)
 .debug_aranges
                0x00000630       0x20 c:/program files/microchip/xc32/v4.21/bin/bin/../../lib/gcc/pic32c/8.3.1/../../../../pic32c/lib/thumb/v8-m.base/nofp\libc-musl.a(putchar.o)
 .debug_aranges
                0x00000650       0x20 c:/program files/microchip/xc32/v4.21/bin/bin/../../lib/gcc/pic32c/8.3.1/../../../../pic32c/lib/thumb/v8-m.base/nofp\libc-musl.a(setbuf.o)
 .debug_aranges
                0x00000670       0x20 c:/program files/microchip/xc32/v4.21/bin/bin/../../lib/gcc/pic32c/8.3.1/../../../../pic32c/lib/thumb/v8-m.base/nofp\libc-musl.a(memcpy.o)
 .debug_aranges
                0x00000690       0x18 c:/program files/microchip/xc32/v4.21/bin/bin/../../lib/gcc/pic32c/8.3.1/../../../../pic32c/lib/thumb/v8-m.base/nofp\libc-musl.a(__environ.o)
 .debug_aranges
                0x000006a8       0x20 c:/program files/microchip/xc32/v4.21/bin/bin/../../lib/gcc/pic32c/8.3.1/../../../../pic32c/lib/thumb/v8-m.base/nofp\libc-musl.a(__stdio_read.o)
 .debug_aranges
                0x000006c8       0x20 c:/program files/microchip/xc32/v4.21/bin/bin/../../lib/gcc/pic32c/8.3.1/../../../../pic32c/lib/thumb/v8-m.base/nofp\libc-musl.a(__towrite_rw.o)
 .debug_aranges
                0x000006e8       0x30 c:/program files/microchip/xc32/v4.21/bin/bin/../../lib/gcc/pic32c/8.3.1/../../../../pic32c/lib/thumb/v8-m.base/nofp\libc-musl.a(putc.o)
 .debug_aranges
                0x00000718       0x28 c:/program files/microchip/xc32/v4.21/bin/bin/../../lib/gcc/pic32c/8.3.1/../../../../pic32c/lib/thumb/v8-m.base/nofp\libc-musl.a(setvbuf.o)
 .debug_aranges
                0x00000740       0x28 c:/program files/microchip/xc32/v4.21/bin/bin/../../lib/gcc/pic32c/8.3.1/../../../../pic32c/lib/thumb/v8-m.base/nofp\libc-musl.a(vfprintf.o)
 .debug_aranges
                0x00000768       0x20 c:/program files/microchip/xc32/v4.21/bin/bin/../../lib/gcc/pic32c/8.3.1/../../../../pic32c/lib/thumb/v8-m.base/nofp\libc-musl.a(readv.o)
 .debug_aranges
                0x00000788       0x70 c:/program files/microchip/xc32/v4.21/bin/bin/../../lib/gcc/pic32c/8.3.1/../../../../pic32c/lib/thumb/v8-m.base/nofp\libc-musl.a(malloc.o)
 .debug_aranges
                0x000007f8       0x20 c:/program files/microchip/xc32/v4.21/bin/bin/../../lib/gcc/pic32c/8.3.1/../../../../pic32c/lib/thumb/v8-m.base/nofp\libc-musl.a(expand_heap.o)
 .debug_aranges
                0x00000818       0x28 c:/program files/microchip/xc32/v4.21/bin/bin/../../lib/gcc/pic32c/8.3.1/../../../../pic32c/lib/thumb/v8-m.base/nofp\libc-musl.a(__fwrite.o)
 .debug_aranges
                0x00000840       0x28 c:/program files/microchip/xc32/v4.21/bin/bin/../../lib/gcc/pic32c/8.3.1/../../../../pic32c/lib/thumb/v8-m.base/nofp\libc-musl.a(__init_stdio.o)
 .debug_aranges
                0x00000868       0x28 c:/program files/microchip/xc32/v4.21/bin/bin/../../lib/gcc/pic32c/8.3.1/../../../../pic32c/lib/thumb/v8-m.base/nofp\libc-musl.a(__out.o)
 .debug_aranges
                0x00000890       0x20 c:/program files/microchip/xc32/v4.21/bin/bin/../../lib/gcc/pic32c/8.3.1/../../../../pic32c/lib/thumb/v8-m.base/nofp\libc-musl.a(__pop_float.o)
 .debug_aranges
                0x000008b0       0x20 c:/program files/microchip/xc32/v4.21/bin/bin/../../lib/gcc/pic32c/8.3.1/../../../../pic32c/lib/thumb/v8-m.base/nofp\libc-musl.a(__pop_int.o)
 .debug_aranges
                0x000008d0       0x20 c:/program files/microchip/xc32/v4.21/bin/bin/../../lib/gcc/pic32c/8.3.1/../../../../pic32c/lib/thumb/v8-m.base/nofp\libc-musl.a(__pop_ptr.o)
 .debug_aranges
                0x000008f0       0x50 c:/program files/microchip/xc32/v4.21/bin/bin/../../lib/gcc/pic32c/8.3.1/../../../../pic32c/lib/thumb/v8-m.base/nofp\libc-musl.a(__printf_core.o)
 .debug_aranges
                0x00000940       0x20 c:/program files/microchip/xc32/v4.21/bin/bin/../../lib/gcc/pic32c/8.3.1/../../../../pic32c/lib/thumb/v8-m.base/nofp\libc-musl.a(__putc.o)
 .debug_aranges
                0x00000960       0x30 c:/program files/microchip/xc32/v4.21/bin/bin/../../lib/gcc/pic32c/8.3.1/../../../../pic32c/lib/thumb/v8-m.base/nofp\libc-musl.a(__stderr.o)
 .debug_aranges
                0x00000990       0x28 c:/program files/microchip/xc32/v4.21/bin/bin/../../lib/gcc/pic32c/8.3.1/../../../../pic32c/lib/thumb/v8-m.base/nofp\libc-musl.a(__stdio_close.o)
 .debug_aranges
                0x000009b8       0x28 c:/program files/microchip/xc32/v4.21/bin/bin/../../lib/gcc/pic32c/8.3.1/../../../../pic32c/lib/thumb/v8-m.base/nofp\libc-musl.a(__stdio_write.o)
 .debug_aranges
                0x000009e0       0x30 c:/program files/microchip/xc32/v4.21/bin/bin/../../lib/gcc/pic32c/8.3.1/../../../../pic32c/lib/thumb/v8-m.base/nofp\libc-musl.a(__stdout.o)
 .debug_aranges
                0x00000a10       0x28 c:/program files/microchip/xc32/v4.21/bin/bin/../../lib/gcc/pic32c/8.3.1/../../../../pic32c/lib/thumb/v8-m.base/nofp\libc-musl.a(__towrite.o)
 .debug_aranges
                0x00000a38       0x20 c:/program files/microchip/xc32/v4.21/bin/bin/../../lib/gcc/pic32c/8.3.1/../../../../pic32c/lib/thumb/v8-m.base/nofp\libc-musl.a(atoi.o)
 .debug_aranges
                0x00000a58       0x20 c:/program files/microchip/xc32/v4.21/bin/bin/../../lib/gcc/pic32c/8.3.1/../../../../pic32c/lib/thumb/v8-m.base/nofp\libc-musl.a(memset.o)
 .debug_aranges
                0x00000a78       0x20 c:/program files/microchip/xc32/v4.21/bin/bin/../../lib/gcc/pic32c/8.3.1/../../../../pic32c/lib/thumb/v8-m.base/nofp\libc-musl.a(writev.o)
 .debug_aranges
                0x00000a98       0x28 c:/program files/microchip/xc32/v4.21/bin/bin/../../lib/gcc/pic32c/8.3.1/../../../../pic32c/lib/thumb/v8-m.base/nofp\libc-musl.a(tolower.o)
 .debug_aranges
                0x00000ac0       0x18 c:/program files/microchip/xc32/v4.21/bin/bin/../../lib/gcc/pic32c/8.3.1/../../../../pic32c/lib/thumb/v8-m.base/nofp\libc-musl.a(__errno_location.o)
 .debug_aranges
                0x00000ad8       0x20 c:/program files/microchip/xc32/v4.21/bin/bin/../../lib/gcc/pic32c/8.3.1/../../../../pic32c/lib/thumb/v8-m.base/nofp\libc-musl.a(__overflow.o)
 .debug_aranges
                0x00000af8       0x20 c:/program files/microchip/xc32/v4.21/bin/bin/../../lib/gcc/pic32c/8.3.1/../../../../pic32c/lib/thumb/v8-m.base/nofp\libc-musl.a(__fmt_a.o)
 .debug_aranges
                0x00000b18       0x20 c:/program files/microchip/xc32/v4.21/bin/bin/../../lib/gcc/pic32c/8.3.1/../../../../pic32c/lib/thumb/v8-m.base/nofp\libc-musl.a(__fmt_d.o)
 .debug_aranges
                0x00000b38       0x20 c:/program files/microchip/xc32/v4.21/bin/bin/../../lib/gcc/pic32c/8.3.1/../../../../pic32c/lib/thumb/v8-m.base/nofp\libc-musl.a(__fmt_fp.o)
 .debug_aranges
                0x00000b58       0x20 c:/program files/microchip/xc32/v4.21/bin/bin/../../lib/gcc/pic32c/8.3.1/../../../../pic32c/lib/thumb/v8-m.base/nofp\libc-musl.a(__fmt_o.o)
 .debug_aranges
                0x00000b78       0x20 c:/program files/microchip/xc32/v4.21/bin/bin/../../lib/gcc/pic32c/8.3.1/../../../../pic32c/lib/thumb/v8-m.base/nofp\libc-musl.a(__fmt_s.o)
 .debug_aranges
                0x00000b98       0x28 c:/program files/microchip/xc32/v4.21/bin/bin/../../lib/gcc/pic32c/8.3.1/../../../../pic32c/lib/thumb/v8-m.base/nofp\libc-musl.a(__fmt_u.o)
 .debug_aranges
                0x00000bc0       0x20 c:/program files/microchip/xc32/v4.21/bin/bin/../../lib/gcc/pic32c/8.3.1/../../../../pic32c/lib/thumb/v8-m.base/nofp\libc-musl.a(__fmt_x.o)
 .debug_aranges
                0x00000be0       0x20 c:/program files/microchip/xc32/v4.21/bin/bin/../../lib/gcc/pic32c/8.3.1/../../../../pic32c/lib/thumb/v8-m.base/nofp\libc-musl.a(strlen.o)
 .debug_aranges
                0x00000c00       0x20 c:/program files/microchip/xc32/v4.21/bin/bin/../../lib/gcc/pic32c/8.3.1/../../../../pic32c/lib/thumb/v8-m.base/nofp\libc-musl.a(strcpy.o)
 .debug_aranges
                0x00000c20       0x28 c:/program files/microchip/xc32/v4.21/bin/bin/../../lib/gcc/pic32c/8.3.1/../../../../pic32c/lib/thumb/v8-m.base/nofp\libc-musl.a(toupper.o)
 .debug_aranges
                0x00000c48       0x20 c:/program files/microchip/xc32/v4.21/bin/bin/../../lib/gcc/pic32c/8.3.1/../../../../pic32c/lib/thumb/v8-m.base/nofp\libc-musl.a(stpcpy.o)
 .debug_aranges
                0x00000c68       0x20 c:/program files/microchip/xc32/v4.21/bin/bin/../../lib/gcc/pic32c/8.3.1/thumb/v8-m.base/nofp\libgcc.a(_lshrdi3.o)
 .debug_aranges
                0x00000c88       0x20 c:/program files/microchip/xc32/v4.21/bin/bin/../../lib/gcc/pic32c/8.3.1/thumb/v8-m.base/nofp\libgcc.a(_ashldi3.o)
 .debug_aranges
                0x00000ca8       0x20 c:/program files/microchip/xc32/v4.21/bin/bin/../../lib/gcc/pic32c/8.3.1/thumb/v8-m.base/nofp\libgcc.a(_aeabi_uldivmod.o)
 .debug_aranges
                0x00000cc8       0x20 c:/program files/microchip/xc32/v4.21/bin/bin/../../lib/gcc/pic32c/8.3.1/thumb/v8-m.base/nofp\libgcc.a(_udivmoddi4.o)
 .debug_aranges
                0x00000ce8       0x20 c:/program files/microchip/xc32/v4.21/bin/bin/../../lib/gcc/pic32c/8.3.1/thumb/v8-m.base/nofp\libgcc.a(_dvmd_tls.o)
 .debug_aranges
                0x00000d08       0x20 c:/program files/microchip/xc32/v4.21/bin/bin/../../lib/gcc/pic32c/8.3.1/thumb/v8-m.base/nofp\libgcc.a(_clzsi2.o)
 .debug_aranges
                0x00000d28       0x20 c:/program files/microchip/xc32/v4.21/bin/bin/../../lib/gcc/pic32c/8.3.1/../../../../pic32c/lib/thumb/v8-m.base/nofp\libpic32c.a(close.o)
 .debug_aranges
                0x00000d48       0x20 c:/program files/microchip/xc32/v4.21/bin/bin/../../lib/gcc/pic32c/8.3.1/../../../../pic32c/lib/thumb/v8-m.base/nofp\libpic32c.a(lseek.o)
 .debug_aranges
                0x00000d68       0x20 c:/program files/microchip/xc32/v4.21/bin/bin/../../lib/gcc/pic32c/8.3.1/../../../../pic32c/lib/thumb/v8-m.base/nofp\libpic32c.a(sbrk.o)

.debug_ranges   0x00000000      0xab0
 .debug_ranges  0x00000000       0x80 build/sam_l10_xpro/production/_ext/1184338560/plib_adc.o
 .debug_ranges  0x00000080       0x10 build/sam_l10_xpro/production/_ext/14877202/plib_clock.o
 .debug_ranges  0x00000090       0x20 build/sam_l10_xpro/production/_ext/1184341350/plib_dac.o
 .debug_ranges  0x000000b0       0x30 build/sam_l10_xpro/production/_ext/12727716/plib_evsys.o
 .debug_ranges  0x000000e0       0x28 build/sam_l10_xpro/production/_ext/1939805438/plib_nvic.o
 .debug_ranges  0x00000108       0x90 build/sam_l10_xpro/production/_ext/44973424/plib_nvmctrl.o
 .debug_ranges  0x00000198       0x30 build/sam_l10_xpro/production/_ext/592394269/plib_pm.o
 .debug_ranges  0x000001c8       0x60 build/sam_l10_xpro/production/_ext/1939752287/plib_port.o
 .debug_ranges  0x00000228       0x98 build/sam_l10_xpro/production/_ext/1184355393/plib_rtc_timer.o
 .debug_ranges  0x000002c0       0x88 build/sam_l10_xpro/production/_ext/399502665/plib_sercom0_usart.o
 .debug_ranges  0x00000348       0x60 build/sam_l10_xpro/production/_ext/592394383/plib_tc0.o
 .debug_ranges  0x000003a8       0x18 build/sam_l10_xpro/production/_ext/1911983158/xc32_monitor.o
 .debug_ranges  0x000003c0       0x10 build/sam_l10_xpro/production/_ext/13305212/initialization.o
 .debug_ranges  0x000003d0       0x10 build/sam_l10_xpro/production/_ext/13305212/interrupts.o
 .debug_ranges  0x000003e0       0x18 build/sam_l10_xpro/production/_ext/13305212/exceptions.o
 .debug_ranges  0x000003f8       0x18 build/sam_l10_xpro/production/_ext/13305212/startup_xc32.o
 .debug_ranges  0x00000410       0x18 build/sam_l10_xpro/production/_ext/1360937237/main.o
 .debug_ranges  0x00000428       0x10 c:/program files/microchip/xc32/v4.21/bin/bin/../../lib/gcc/pic32c/8.3.1/../../../../pic32c/lib/thumb/v8-m.base/nofp\libpic32c.a(data_init_wrapper.o)
 .debug_ranges  0x00000438       0x10 c:/program files/microchip/xc32/v4.21/bin/bin/../../lib/gcc/pic32c/8.3.1/../../../../pic32c/lib/thumb/v8-m.base/nofp\libpic32c.a(data_init_0_1.o)
 .debug_ranges  0x00000448       0x38 c:/program files/microchip/xc32/v4.21/bin/bin/../../lib/gcc/pic32c/8.3.1/../../../../pic32c/lib/thumb/v8-m.base/nofp\libc-musl.a(__libc_start_main.o)
 .debug_ranges  0x00000480       0x18 c:/program files/microchip/xc32/v4.21/bin/bin/../../lib/gcc/pic32c/8.3.1/../../../../pic32c/lib/thumb/v8-m.base/nofp\libc-musl.a(stdin.o)
 .debug_ranges  0x00000498       0x20 c:/program files/microchip/xc32/v4.21/bin/bin/../../lib/gcc/pic32c/8.3.1/../../../../pic32c/lib/thumb/v8-m.base/nofp\libc-musl.a(stdout.o)
 .debug_ranges  0x000004b8       0x10 c:/program files/microchip/xc32/v4.21/bin/bin/../../lib/gcc/pic32c/8.3.1/../../../../pic32c/lib/thumb/v8-m.base/nofp\libc-musl.a(printf.o)
 .debug_ranges  0x000004c8       0x10 c:/program files/microchip/xc32/v4.21/bin/bin/../../lib/gcc/pic32c/8.3.1/../../../../pic32c/lib/thumb/v8-m.base/nofp\libc-musl.a(putchar.o)
 .debug_ranges  0x000004d8       0x10 c:/program files/microchip/xc32/v4.21/bin/bin/../../lib/gcc/pic32c/8.3.1/../../../../pic32c/lib/thumb/v8-m.base/nofp\libc-musl.a(setbuf.o)
 .debug_ranges  0x000004e8       0x10 c:/program files/microchip/xc32/v4.21/bin/bin/../../lib/gcc/pic32c/8.3.1/../../../../pic32c/lib/thumb/v8-m.base/nofp\libc-musl.a(memcpy.o)
 .debug_ranges  0x000004f8       0x10 c:/program files/microchip/xc32/v4.21/bin/bin/../../lib/gcc/pic32c/8.3.1/../../../../pic32c/lib/thumb/v8-m.base/nofp\libc-musl.a(__stdio_read.o)
 .debug_ranges  0x00000508       0x10 c:/program files/microchip/xc32/v4.21/bin/bin/../../lib/gcc/pic32c/8.3.1/../../../../pic32c/lib/thumb/v8-m.base/nofp\libc-musl.a(__towrite_rw.o)
 .debug_ranges  0x00000518       0x20 c:/program files/microchip/xc32/v4.21/bin/bin/../../lib/gcc/pic32c/8.3.1/../../../../pic32c/lib/thumb/v8-m.base/nofp\libc-musl.a(putc.o)
 .debug_ranges  0x00000538       0x18 c:/program files/microchip/xc32/v4.21/bin/bin/../../lib/gcc/pic32c/8.3.1/../../../../pic32c/lib/thumb/v8-m.base/nofp\libc-musl.a(setvbuf.o)
 .debug_ranges  0x00000550       0x18 c:/program files/microchip/xc32/v4.21/bin/bin/../../lib/gcc/pic32c/8.3.1/../../../../pic32c/lib/thumb/v8-m.base/nofp\libc-musl.a(vfprintf.o)
 .debug_ranges  0x00000568       0x10 c:/program files/microchip/xc32/v4.21/bin/bin/../../lib/gcc/pic32c/8.3.1/../../../../pic32c/lib/thumb/v8-m.base/nofp\libc-musl.a(readv.o)
 .debug_ranges  0x00000578      0x1b0 c:/program files/microchip/xc32/v4.21/bin/bin/../../lib/gcc/pic32c/8.3.1/../../../../pic32c/lib/thumb/v8-m.base/nofp\libc-musl.a(malloc.o)
 .debug_ranges  0x00000728       0x10 c:/program files/microchip/xc32/v4.21/bin/bin/../../lib/gcc/pic32c/8.3.1/../../../../pic32c/lib/thumb/v8-m.base/nofp\libc-musl.a(expand_heap.o)
 .debug_ranges  0x00000738       0x18 c:/program files/microchip/xc32/v4.21/bin/bin/../../lib/gcc/pic32c/8.3.1/../../../../pic32c/lib/thumb/v8-m.base/nofp\libc-musl.a(__fwrite.o)
 .debug_ranges  0x00000750       0x18 c:/program files/microchip/xc32/v4.21/bin/bin/../../lib/gcc/pic32c/8.3.1/../../../../pic32c/lib/thumb/v8-m.base/nofp\libc-musl.a(__init_stdio.o)
 .debug_ranges  0x00000768       0x18 c:/program files/microchip/xc32/v4.21/bin/bin/../../lib/gcc/pic32c/8.3.1/../../../../pic32c/lib/thumb/v8-m.base/nofp\libc-musl.a(__out.o)
 .debug_ranges  0x00000780       0x10 c:/program files/microchip/xc32/v4.21/bin/bin/../../lib/gcc/pic32c/8.3.1/../../../../pic32c/lib/thumb/v8-m.base/nofp\libc-musl.a(__pop_float.o)
 .debug_ranges  0x00000790       0x10 c:/program files/microchip/xc32/v4.21/bin/bin/../../lib/gcc/pic32c/8.3.1/../../../../pic32c/lib/thumb/v8-m.base/nofp\libc-musl.a(__pop_int.o)
 .debug_ranges  0x000007a0       0x10 c:/program files/microchip/xc32/v4.21/bin/bin/../../lib/gcc/pic32c/8.3.1/../../../../pic32c/lib/thumb/v8-m.base/nofp\libc-musl.a(__pop_ptr.o)
 .debug_ranges  0x000007b0       0x58 c:/program files/microchip/xc32/v4.21/bin/bin/../../lib/gcc/pic32c/8.3.1/../../../../pic32c/lib/thumb/v8-m.base/nofp\libc-musl.a(__printf_core.o)
 .debug_ranges  0x00000808       0x10 c:/program files/microchip/xc32/v4.21/bin/bin/../../lib/gcc/pic32c/8.3.1/../../../../pic32c/lib/thumb/v8-m.base/nofp\libc-musl.a(__putc.o)
 .debug_ranges  0x00000818       0x20 c:/program files/microchip/xc32/v4.21/bin/bin/../../lib/gcc/pic32c/8.3.1/../../../../pic32c/lib/thumb/v8-m.base/nofp\libc-musl.a(__stderr.o)
 .debug_ranges  0x00000838       0x18 c:/program files/microchip/xc32/v4.21/bin/bin/../../lib/gcc/pic32c/8.3.1/../../../../pic32c/lib/thumb/v8-m.base/nofp\libc-musl.a(__stdio_close.o)
 .debug_ranges  0x00000850       0x30 c:/program files/microchip/xc32/v4.21/bin/bin/../../lib/gcc/pic32c/8.3.1/../../../../pic32c/lib/thumb/v8-m.base/nofp\libc-musl.a(__stdio_write.o)
 .debug_ranges  0x00000880       0x20 c:/program files/microchip/xc32/v4.21/bin/bin/../../lib/gcc/pic32c/8.3.1/../../../../pic32c/lib/thumb/v8-m.base/nofp\libc-musl.a(__stdout.o)
 .debug_ranges  0x000008a0       0x18 c:/program files/microchip/xc32/v4.21/bin/bin/../../lib/gcc/pic32c/8.3.1/../../../../pic32c/lib/thumb/v8-m.base/nofp\libc-musl.a(__towrite.o)
 .debug_ranges  0x000008b8       0x10 c:/program files/microchip/xc32/v4.21/bin/bin/../../lib/gcc/pic32c/8.3.1/../../../../pic32c/lib/thumb/v8-m.base/nofp\libc-musl.a(atoi.o)
 .debug_ranges  0x000008c8       0x10 c:/program files/microchip/xc32/v4.21/bin/bin/../../lib/gcc/pic32c/8.3.1/../../../../pic32c/lib/thumb/v8-m.base/nofp\libc-musl.a(memset.o)
 .debug_ranges  0x000008d8       0x10 c:/program files/microchip/xc32/v4.21/bin/bin/../../lib/gcc/pic32c/8.3.1/../../../../pic32c/lib/thumb/v8-m.base/nofp\libc-musl.a(writev.o)
 .debug_ranges  0x000008e8       0x18 c:/program files/microchip/xc32/v4.21/bin/bin/../../lib/gcc/pic32c/8.3.1/../../../../pic32c/lib/thumb/v8-m.base/nofp\libc-musl.a(tolower.o)
 .debug_ranges  0x00000900       0x10 c:/program files/microchip/xc32/v4.21/bin/bin/../../lib/gcc/pic32c/8.3.1/../../../../pic32c/lib/thumb/v8-m.base/nofp\libc-musl.a(__overflow.o)
 .debug_ranges  0x00000910       0x10 c:/program files/microchip/xc32/v4.21/bin/bin/../../lib/gcc/pic32c/8.3.1/../../../../pic32c/lib/thumb/v8-m.base/nofp\libc-musl.a(__fmt_a.o)
 .debug_ranges  0x00000920       0x10 c:/program files/microchip/xc32/v4.21/bin/bin/../../lib/gcc/pic32c/8.3.1/../../../../pic32c/lib/thumb/v8-m.base/nofp\libc-musl.a(__fmt_d.o)
 .debug_ranges  0x00000930       0x10 c:/program files/microchip/xc32/v4.21/bin/bin/../../lib/gcc/pic32c/8.3.1/../../../../pic32c/lib/thumb/v8-m.base/nofp\libc-musl.a(__fmt_fp.o)
 .debug_ranges  0x00000940       0x10 c:/program files/microchip/xc32/v4.21/bin/bin/../../lib/gcc/pic32c/8.3.1/../../../../pic32c/lib/thumb/v8-m.base/nofp\libc-musl.a(__fmt_o.o)
 .debug_ranges  0x00000950       0x10 c:/program files/microchip/xc32/v4.21/bin/bin/../../lib/gcc/pic32c/8.3.1/../../../../pic32c/lib/thumb/v8-m.base/nofp\libc-musl.a(__fmt_s.o)
 .debug_ranges  0x00000960       0x18 c:/program files/microchip/xc32/v4.21/bin/bin/../../lib/gcc/pic32c/8.3.1/../../../../pic32c/lib/thumb/v8-m.base/nofp\libc-musl.a(__fmt_u.o)
 .debug_ranges  0x00000978       0x10 c:/program files/microchip/xc32/v4.21/bin/bin/../../lib/gcc/pic32c/8.3.1/../../../../pic32c/lib/thumb/v8-m.base/nofp\libc-musl.a(__fmt_x.o)
 .debug_ranges  0x00000988       0x10 c:/program files/microchip/xc32/v4.21/bin/bin/../../lib/gcc/pic32c/8.3.1/../../../../pic32c/lib/thumb/v8-m.base/nofp\libc-musl.a(strlen.o)
 .debug_ranges  0x00000998       0x10 c:/program files/microchip/xc32/v4.21/bin/bin/../../lib/gcc/pic32c/8.3.1/../../../../pic32c/lib/thumb/v8-m.base/nofp\libc-musl.a(strcpy.o)
 .debug_ranges  0x000009a8       0x18 c:/program files/microchip/xc32/v4.21/bin/bin/../../lib/gcc/pic32c/8.3.1/../../../../pic32c/lib/thumb/v8-m.base/nofp\libc-musl.a(toupper.o)
 .debug_ranges  0x000009c0       0x10 c:/program files/microchip/xc32/v4.21/bin/bin/../../lib/gcc/pic32c/8.3.1/../../../../pic32c/lib/thumb/v8-m.base/nofp\libc-musl.a(stpcpy.o)
 .debug_ranges  0x000009d0       0xb0 c:/program files/microchip/xc32/v4.21/bin/bin/../../lib/gcc/pic32c/8.3.1/thumb/v8-m.base/nofp\libgcc.a(_udivmoddi4.o)
 .debug_ranges  0x00000a80       0x10 c:/program files/microchip/xc32/v4.21/bin/bin/../../lib/gcc/pic32c/8.3.1/../../../../pic32c/lib/thumb/v8-m.base/nofp\libpic32c.a(close.o)
 .debug_ranges  0x00000a90       0x10 c:/program files/microchip/xc32/v4.21/bin/bin/../../lib/gcc/pic32c/8.3.1/../../../../pic32c/lib/thumb/v8-m.base/nofp\libpic32c.a(lseek.o)
 .debug_ranges  0x00000aa0       0x10 c:/program files/microchip/xc32/v4.21/bin/bin/../../lib/gcc/pic32c/8.3.1/../../../../pic32c/lib/thumb/v8-m.base/nofp\libpic32c.a(sbrk.o)

.debug_line     0x00000000     0x9ec5
 .debug_line    0x00000000      0x407 build/sam_l10_xpro/production/_ext/1184338560/plib_adc.o
 .debug_line    0x00000407      0x286 build/sam_l10_xpro/production/_ext/14877202/plib_clock.o
 .debug_line    0x0000068d      0x168 build/sam_l10_xpro/production/_ext/1184341350/plib_dac.o
 .debug_line    0x000007f5      0x194 build/sam_l10_xpro/production/_ext/12727716/plib_evsys.o
 .debug_line    0x00000989      0x328 build/sam_l10_xpro/production/_ext/1939805438/plib_nvic.o
 .debug_line    0x00000cb1      0x444 build/sam_l10_xpro/production/_ext/44973424/plib_nvmctrl.o
 .debug_line    0x000010f5      0x233 build/sam_l10_xpro/production/_ext/592394269/plib_pm.o
 .debug_line    0x00001328      0x2c7 build/sam_l10_xpro/production/_ext/1939752287/plib_port.o
 .debug_line    0x000015ef      0x48a build/sam_l10_xpro/production/_ext/1184355393/plib_rtc_timer.o
 .debug_line    0x00001a79      0x61a build/sam_l10_xpro/production/_ext/399502665/plib_sercom0_usart.o
 .debug_line    0x00002093      0x33a build/sam_l10_xpro/production/_ext/592394383/plib_tc0.o
 .debug_line    0x000023cd      0x158 build/sam_l10_xpro/production/_ext/1911983158/xc32_monitor.o
 .debug_line    0x00002525      0x3d9 build/sam_l10_xpro/production/_ext/13305212/initialization.o
 .debug_line    0x000028fe       0xbf build/sam_l10_xpro/production/_ext/13305212/interrupts.o
 .debug_line    0x000029bd       0x73 build/sam_l10_xpro/production/_ext/13305212/exceptions.o
 .debug_line    0x00002a30      0x15c build/sam_l10_xpro/production/_ext/13305212/startup_xc32.o
 .debug_line    0x00002b8c      0x248 build/sam_l10_xpro/production/_ext/1360937237/main.o
 .debug_line    0x00002dd4       0xac c:/program files/microchip/xc32/v4.21/bin/bin/../../lib/gcc/pic32c/8.3.1/../../../../pic32c/lib/thumb/v8-m.base/nofp\libpic32c.a(data_init_wrapper.o)
 .debug_line    0x00002e80      0x119 c:/program files/microchip/xc32/v4.21/bin/bin/../../lib/gcc/pic32c/8.3.1/../../../../pic32c/lib/thumb/v8-m.base/nofp\libpic32c.a(data_init_0_1.o)
 .debug_line    0x00002f99      0x1cd c:/program files/microchip/xc32/v4.21/bin/bin/../../lib/gcc/pic32c/8.3.1/../../../../pic32c/lib/thumb/v8-m.base/nofp\libc-musl.a(__libc_start_main.o)